0.547441011199497
0.5373492621402498
0.5037341934424688
0.5210755841785005
0.5338899574259047
0.5239852973922651
0.5103610402218619
0.47957352673443704
0.47053187451611994
0.44393777305797294
0.45469375345422003
0.44618770138581815
0.4130853972713782
0.43009648154071045
0.4221754485237114
0.40313667998878283
0.40839629349706363
0.4010356929627035
0.3909747722626714
0.3883467807833015
0.3557506710790574
0.36832146516093456
0.34939088069680696
0.36430382552682306
0.35815375361384727
0.3550663014107082
0.34753950171428255
0.3156578892665578
0.33682738531632206
0.33145353505034886
0.35625776761586964
0.3206954517805249
0.2901943829600957
0.3114650746881278
0.30680267258387495
0.30226955030052366
0.27239216590234616
0.2940405580222307
0.2786509720197551
0.3394312580389766
0.28198247180088304
0.2781284229545916
0.2595654828324543
0.2923076210210271
0.2432944617637836
0.26464078276828207
0.26124313240878555
0.2405033066561261
0.2756905680011876
0.2523851057669585
0.27798251405354485
0.24585431486271636
0.21977853773447717
0.24046382779402112
0.2376700703629529
0.24305268521629594
0.23219837694879916
0.22960065248489567
0.2270634245324784
0.22458474992621894
0.24918868433371613
0.20405641009513434
0.2173717114201212
0.2151118536723236
0.21290179200015666
0.18964882330559898
0.20894312139140267
0.2068664607540329
0.20483397610818807
0.2287414146598467
0.20054510169554243
0.22130971332693267
0.19700630562151175
0.19517885680433902
0.2103236592527607
0.19138780065886812
0.18967254649716547
0.20438269441796156
0.1934509013184279
0.17144499068366523
0.16431510174046124
0.1817338307894114
0.20389323518571448
0.17840776838879244
0.17693898156083324
0.17549695071635166
0.17408096484215793
0.17269033690268967
0.1713244028942646
0.16998252094014385
0.16866407042463274
0.20411155739199066
0.16614622074422122
0.1478295455924547
0.16386866653327975
0.1626545782427426
0.16146069103011756
0.16028650926739
0.180730184104599
0.15775530197888618
0.15664140799337378
0.1445342321342532
0.17554800184174937
0.1374941212071455
0.14162936832478484
0.13568186738538096
0.13986823014694658
0.17062012669743268
0.1486303593258278
0.16789205829563172
0.14649033562889105
0.1652526014629356
0.16977071093281873
0.1335065641929376
0.1427925876022029
0.15491344070718366
0.14089293461728958
0.15901233369518777
0.15394477022260258
0.13830262632282492
0.1374789583639805
0.1366665997585417
0.12177829537397351
0.14762414322838144
0.13430636578226238
0.13353684782155836
0.13277753879817653
0.16620208573233877
0.13128905920261846
0.13055911963168138
0.11628959167665605
0.12027256008383072
0.13439833030501921
0.1279040332373437
0.13910697348544665
0.12645291639726472
0.14317561616757524
0.14201528732595253
0.12417166445649017
0.12353100800326748
0.110418964544979
0.12238270211195174
0.10930693349807352
0.11293009337737643
0.1374161661104006
0.11999454391646168
0.11940339857836846
0.11881910274096194
0.11824153635218365
0.13375715654304937
0.11697454869966101
0.11641801289361423
0.11586772684048136
0.11532358421276916
0.11478548107439959
0.12971091299814316
0.11360453844740413
0.14107773571660306
0.13388767591323286
0.11189435261756822
0.11139352945281746
0.09991842787234863
0.11049371093716194
0.11987639142286131
0.10944757586555857
0.13078319919553644
0.10854399568802328
0.10807809824632848
0.134487328643773
0.1290852136047647
0.14421157155797273
0.09548753977672629
0.10570163923991602
0.10526423628971465
0.10483115907087893
0.1420359288721858
0.10393800340132625
0.0931223107331787
0.10317649841786096
0.11201229779696266
0.10687518563016883
0.1018552253651272
0.10145497588572355
0.10105850280731203
0.10963695040731719
0.11371355713714147
0.12257356265788928
0.11944797189066791
0.0891534325520204
0.09855895599175156
0.08848886635838765
0.0978883887564935
0.0975246843990801
0.097164241020889
0.09079885625830503
0.0964981635375727
0.10919824960158359
0.09571388289297546
0.11898232795710569
0.0948757787989965
0.09875751019506841
0.08512693080836589
0.08482684181723392
0.09012846865635162
0.13232778180268692
0.13831813899069723
0.09256663823490495
0.10019740451485547
0.096000259901844
0.09936530276385848
0.13621529902526378
0.09081410602730068
0.0905107401725898
0.09785113363109972
0.10620092576092305
0.11921708646724063
0.0891728039736005
0.08888259863922121
0.08030742878387152
0.08835859349307977
0.09550375111959697
0.09891684145632841
0.08740347386435053
0.13754984351484942
0.09750085047725911
0.09353999382134075
0.09314105005507736
0.0961754387492224
0.10137973873778468
0.08513849854515437
0.07747699153751883
0.08466447033556443
0.07984116832612005
0.08142483525961577
0.08394616350626406
0.08369593255846686
0.08344753621840263
0.083200953817744
0.08295616499936713
0.08271314971151472
0.0824718882020899
0.07781135309462363
0.09183767409186874
0.08815018902511772
0.09103868616379557
0.0811795718301287
0.0809492500759096
0.10775089151177503
0.08048590273928623
0.08026033704709465
0.08003633470791545
0.11912475263626487
0.07954237545305798
0.0793232132208454
0.0722554463956711
0.07628979936406514
0.09628613599213207
0.07841784912653943
0.07149856977913259
0.12282023707631332
0.07109106743754981
0.07758296923514
0.07737687246070668
0.07717213568810898
0.07696874508730978
0.07016667267192127
0.07659900229141649
0.07384175889354873
0.07621169495800689
0.09288442773873544
0.08147089145240954
0.07551231560398276
0.09524331558430972
0.07503289241255356
0.06866418811795558
0.07468497578972472
0.07449758776582326
0.07978638524690326
0.07409881550421109
0.07391509586657072
0.07373251473115733
0.0700171609074762
0.07339055804864361
0.0671724982057922
0.07306143906387716
0.0668440355280612
0.07570719407493377
0.07192409153318476
0.0723850577654954
0.07221177490024591
0.06607543873944113
0.08007386644828819
0.07168824254833357
0.07151912271980275
0.07135100453486334
0.06532932713749423
0.07104436902155674
0.07087903705995237
0.07071467222782293
0.11593658414462528
0.07032413612583871
0.07016291044655819
0.06664469409497707
0.06986091644177816
0.07753070573788974
0.07723288076563585
0.06932011009662284
0.06916463904977477
0.06901004721159862
0.06885632688444163
0.06548219362053483
0.06856809696987082
0.06841684590364355
0.06826643733251549
0.06264824093710886
0.06479062093221817
0.0678598510644496
0.07267587512056053
0.06754387542142941
0.07229735966901314
0.06723176637066504
0.10748502359815788
0.06689335216718899
0.07826090913999142
0.07377648116050581
0.0663913135945497
0.06882604227906848
0.06610472793058983
0.0705938011952893
0.0658096669983002
0.06567333124566467
0.06553771252002936
0.1263284130027912
0.06504417525754212
0.06742012018933637
0.06003312115017923
0.06466044850394638
0.06453009953447436
0.06849917356158743
0.06425413341205187
0.06412586790636637
0.07034409296493807
0.06136890369443511
0.06373228311318373
0.06603786140136238
0.06745406685611408
0.09407097185913177
0.06318493422122672
0.06306199633822368
0.06049283335258764
0.06905366725131966
0.06272110106222983
0.06650269317034493
0.06632731045810913
0.05785295825807453
0.062196793492497474
0.05762888784535039
0.1072916629972773
0.10215002309820938
0.06163600726996319
0.05711927113917412
0.06142220493622421
0.058948722228335915
0.06120473665381826
0.06109128576823915
0.10117021440568592
0.072040544737002
0.060664594743769444
0.06319268590210018
0.06044150340969624
0.06033159563280869
0.06394947759195839
0.05588469787565327
0.06000607324365752
0.05989818955107875
0.09419830597790496
0.059652166391352006
0.0595458589447998
0.05718959555697874
0.059344762701849595
0.0592398553379703
0.05913542493238198
0.05903146810807237
0.05892798152021079
0.05882496185576412
0.0587224058331183
0.054479268779967116
0.05853334938983786
0.05843209526358638
0.058331292452982866
0.05823093782336387
0.05401566027133456
0.05804597400312437
0.05794687780100918
0.05784821800442955
0.057749991617487124
0.05765219567197811
0.05755482722707263
0.05964113665006438
0.05735546171458257
0.05725938407181464
0.05716372226048926
0.05494676267295377
0.05913085117498427
0.062364620659522106
0.056769975300550404
0.05667641650323049
0.0968626497026917
0.05436511382160886
0.059849913088978524
0.056256470975647455
0.05616503916854829
0.05607399226144033
0.05210204915409216
0.05799360807383444
0.05924353840538435
0.051861843085153604
0.05563264534104459
0.05554381835760065
0.057523302642429025
0.05740966677870493
0.06519429767877458
0.09957009823888856
0.055009449595273804
0.05997581677798109
0.0858781572779426
0.05976915450171258
0.05095391920404004
0.054535953226805656
0.05079225811871723
0.05437920697812563
0.09415972917354982
0.054167900069439806
0.10994792037719767
0.057123371628243276
0.05198226243286956
0.05375743814569234
0.05016610399694947
0.05360600615363278
0.05352517488935998
0.058240114772096535
0.05648556921880113
0.05797052261401755
0.05316545917745622
0.05308636050086544
0.049609824370117336
0.051163058847950076
0.05286842528713048
0.05101313091342636
0.05452304655420552
0.049248082873582594
0.05722444281674101
0.09581272001749669
0.05540525991027835
0.052269545221771206
0.05521106984848298
0.05210874937793327
0.08308089688055886
0.051934058057860645
0.08592731954748585
0.051755906107300666
0.051682056296288185
0.05027606167671891
0.051538386870427805
0.05146534785281467
0.05439306770926159
0.049606032032450766
0.09407645120860283
0.05558098905164469
0.051041673894225176
0.050970427768863166
0.047690740929591476
0.09337168562632438
0.050721822644113436
0.0506516986194885
0.04932927035774184
0.04733688427840529
0.04726578767660736
0.05477909201653343
0.05031363910175534
0.05024498658817689
0.05017658016330302
0.057283368142659864
0.04690528267325339
0.05423964067552722
0.049881707207433214
0.05404006154309491
0.049735822867747644
0.05129217945929448
0.049599409306061756
0.05367594539762611
0.05355477657646206
0.053434378216394234
0.049302142351982006
0.057033775271342915
0.04626368307666649
0.049094043768838226
0.05297455777676352
0.052857685573791315
0.046046249269087826
0.049086264702406596
0.04876323228562505
0.04870003321047464
0.05249412714038909
0.08748609462894663
0.08252574488946204
0.048371767007374264
0.04978905609616536
0.048245113147704216
0.048183607971435394
0.04812230989422408
0.04528532864631901
0.051810676697581125
0.04938967798045316
0.04931276586237225
0.04508115519962057
0.049191185970407995
0.04769516124157169
0.04491559676677246
0.04758338209529133
0.047524080109229344
0.04746497368606843
0.05111250894182379
0.05100575083465914
0.04726939884988355
0.04455480145306477
0.04716016472708714
0.04710225277295304
0.04704452921403292
0.04433566362062648
0.04693668590889439
0.048278094728084954
0.04931114548932874
0.05034333081051914
0.04914216999104186
0.05015642175001192
0.046561694186820796
0.04650571857749599
0.04993110456237256
0.04638535566642658
0.04632994348800064
0.04627470704724647
0.04755315189927535
0.046162255814269464
0.0461075490834746
0.043562938719039594
0.04504009544267747
0.04595280759547298
0.08469053816874322
0.04815822477279966
0.045747964482820855
0.04569452410886441
0.045641249756374805
0.048957573693471194
0.07711583992329955
0.0454496738194381
0.045397131956713674
0.08382740858573229
0.045256532187507505
0.04520455351123639
0.04515273381552621
0.04510107233462814
0.04504956830778335
0.0449982209791821
0.07620437753369351
0.05152081879395604
0.04480517086560729
0.04807503590445349
0.04469596269504978
0.0446456641920666
0.0436419079434521
0.04782919983373838
0.04773916490946757
0.04443198054984717
0.04899341155521965
0.04432269081325102
0.04427351167959618
0.04422447824313762
0.04417558982348698
0.04538769638380053
0.04407603554797537
0.044027584497469664
0.04397927575581936
0.04393110866398228
0.043883082567047794
0.08209838544564989
0.04685281303483478
0.04369788020864915
0.04487973251406224
0.0457142555717664
0.04354871205547713
0.04263016771097355
0.04345655962740767
0.04340988646211245
0.04115398559924758
0.043322226070256806
0.04327593712771182
0.04322978062417355
0.08131246929367521
0.0420597510786215
0.08101552391474144
0.07411597412197182
0.0429141337799309
0.041809000920682265
0.04282724367336265
0.0427822831092466
0.040512199748400486
0.048744762598594636
0.07616772555451089
0.04035427746881824
0.08003264585208485
0.07308272859827553
0.07957549592707544
0.04441263404585344
0.08219053853632757
0.039972519827448746
0.08184004913051446
0.04206860024381536
0.042025605673181074
0.04092646517581983
0.04108573406795245
0.04084434002440645
0.044876496017576185
0.0418136485675596
0.041771350230493796
0.04172916697675785
0.039518655616659557
0.041650034731530096
0.04075374383016147
0.04276630469957249
0.041524341009812823
0.042670571035613364
0.041439512393417505
0.041398224336836195
0.044299046821498815
0.03918384175959689
0.04330106861993796
0.041227755749423514
0.044093313394600424
0.0714168221955317
0.04107879466515912
0.03891359077124808
0.041002898564169984
0.04297450320133844
0.04007399566550553
0.03988037619034658
0.04284175288919579
0.04079840996169593
0.046493321379213526
0.04266044760669031
0.04066307207569427
0.040623826153530794
0.039629293609622473
0.041713936448805805
0.04050774239145351
0.04046889883655353
0.04043015586312252
0.04039151305910285
0.038309904423007995
0.04313284116153792
0.038241921568030746
0.040240758379993836
0.04020260220181679
0.04016454380248669
0.04012658278544456
0.04008871875631233
0.04283001842233446
0.039083565611636006
0.037963191053684654
0.039939437833329254
0.03788861577580378
0.04264326227595842
0.03982605191625663
0.0377886119732941
0.039756158364775494
0.03971923132134395
0.041561733472684485
0.03964149207515665
0.04074087011173177
0.07628144943161477
0.03950067377569221
0.07602258354301318
0.03939898520134186
0.04206689088056109
0.039321416982320195
0.041962317318653214
0.04034824551763153
0.039206983984538174
0.03917138697474104
0.11470485436784604
0.07799522828552312
0.03889613756484288
0.041184532180673604
0.038821799797479344
0.041085753487903665
0.0387478844849951
0.0380685118657703
0.03868100275638248
0.03864665206334914
0.03861238420157851
0.03857819885444727
0.038544095706974625
0.03851007444581154
0.038476134759230195
0.03844227633711345
0.039904150706097465
0.0383715658278373
0.038337958067916934
0.038304430313285925
0.039748814890096476
0.03970153370625374
0.036586829026665324
0.038168062659358355
0.03813493879667843
0.03914117459926066
0.07685888646630969
0.0688703621634851
0.03795065636403305
0.037918008701046765
0.039348935346292774
0.03887345698725419
0.04210816282019067
0.0377752878944847
0.03774305232833193
0.04192925861543869
0.03612860653778047
0.03609286308175964
0.0390239603034812
0.03757800121086244
0.036978505817839076
0.03963789926513619
0.037480615210360606
0.03744906183183344
0.06827998674545423
0.03581122556323658
0.07323457685835748
0.037279495147640236
0.03724836852115708
0.03651544360608238
0.03562999730213513
0.037159464623498076
0.03712861018505603
0.03709782565520954
0.037067110782413225
0.03703646531635125
0.038021870545748966
0.07273701274348454
0.036917085585754135
0.038273632710173845
0.03685366394136307
0.03682348246216374
0.036793368498768665
0.03676332181123898
0.035208222944519786
0.03670635046545558
0.03667649698312773
0.038742969796276026
0.03661310926206917
0.03658346353497445
0.0365538834280098
0.03752028758902495
0.03649360233833219
0.036464220525364924
0.03643490340618584
0.0364056507543884
0.03771922416089726
0.0363446389487745
0.03631558508060001
0.040271682457651316
0.036250328997735594
0.035713671076424085
0.036194272815921295
0.036165547790688674
0.03613688517141463
0.035600960763932994
0.03808358604725904
0.038034189683316066
0.036974160781925225
0.03598762367331573
0.03940051362898673
0.035924821723779296
0.034489319696441444
0.03587122165582635
0.036794764979593
0.03581401256858278
0.03673054685636099
0.03575706120501817
0.03433464082705443
0.03570413510560091
0.03567646469726726
0.03691049345072114
0.03753079498308518
0.03748340165349821
0.03555713899036325
0.03552978223405275
0.03550248321496894
0.035475241739180714
0.03544805761364279
0.07719932078576708
0.03536056184744225
0.03533360165883196
0.03530669789563042
0.037093299256124486
0.03524986420655805
0.03522313591357397
0.03519646327393026
0.035169846103136074
0.0728976369564625
0.03450781216859974
0.0337801604921984
0.03591958683157267
0.0350124363154837
0.034986184689293154
0.03495998715816176
0.07031900878663737
0.03488297878755951
0.03603008227037919
0.07007666088202286
0.03477837276938672
0.036499241453005045
0.034723811877910356
0.03469812502658914
0.03582303546987436
0.0697594967220619
0.03459494800415015
0.0650115292975418
0.03452552851864659
0.033237998917054715
0.03388973916530067
0.033182644092869064
0.03442981662219548
0.034404698513199154
0.03437963087095611
0.06921809078212782
0.0330365749089068
0.0342832418775591
0.03425840362385642
0.03423361495614046
0.03420887571663104
0.034184185748231184
0.03504020675162615
0.032872968439512755
0.03411156271186354
0.06882076064378073
0.03403919173920468
0.03401482458399475
0.0339905055358545
0.03396623444335615
0.03394201115572069
0.033917835522814424
0.032639974634122604
0.03387178454044703
0.034983849835449665
0.03382167748303609
0.03254788536664824
0.03377598625186129
0.03375213536643016
0.033728330972455284
0.032454123888851015
0.03481127463850256
0.03365727437503117
0.06358880311117288
0.033592405420371396
0.0323011354123681
0.07035792060493958
0.0334991918640711
0.0322190927191278
0.03305758387057121
0.033432594233816046
0.07003532861838269
0.03336155921994975
0.033338470839980074
0.03331542663617619
0.03329242647365376
0.0320276958101104
0.06487143423356644
0.034068706868463965
0.03318308927306372
0.06946987576018841
0.034253735245939464
0.03308885040042805
0.03266655697808537
0.0330448549053551
0.033022344377416
0.03177244383604555
0.03297947610815873
0.03295708826734791
0.032934742503515906
0.032912438690400024
0.032890176702253686
0.032867956413843664
0.03397128345896626
0.03394009391612927
0.034473268534093195
0.03277295046851206
0.032750950633396114
0.03234955682243935
0.03353643369611761
0.03350857849680122
0.032662619440988784
0.033458450447573874
0.03261816661972684
0.03506219997440817
0.03219890094294861
0.03255068929212292
0.03252909996536284
0.0319816500837722
0.03328980737070433
0.03246430648829984
0.031279140185105664
0.0312547694767277
0.032403890277794174
0.03200797196212435
0.03236234578096154
0.033963995245920524
0.033114291672738695
0.03790813974180713
0.03226585390924342
0.03224478556333149
0.03222375539926322
0.032202763306440486
0.03218180917470184
0.035301323619115324
0.032135145252717226
0.03211431414167188
0.06609690792451749
0.03205138182317356
0.030915874981011452
0.06340416513647637
0.06134137515049931
0.03193620808778723
0.031915703169462455
0.031895234837962444
0.03073040790589974
0.030707174605428756
0.03183764055914198
0.03181731036438896
0.030646052766980313
0.033376200524667686
0.031755921495221794
0.03173573620390748
0.03171558659205612
0.030552904614734804
0.0316771688315323
0.03165712214028308
0.03403321907471209
0.03161385402577504
0.03315744244769483
0.030450433622302618
0.0304277843781482
0.031535465316312704
0.03462990407162091
0.03037618967997697
0.03147322511111819
0.03145353636288311
0.0314338818992823
0.06507874820235776
0.03103600769807526
0.03213642882204355
0.031335177377765935
0.06485821404127087
0.03093729750167696
0.03125744937807827
0.03123811368398377
0.031218811313390136
0.032731813114152304
0.031178058028812898
0.03115885936617079
0.031139693649102854
0.03112056078710814
0.0645244333754846
0.03106224107730171
0.02995164434369974
0.030694038369120737
0.03100785794373751
0.03200347291302481
0.03096843254300142
0.06627922381039916
0.030581261136116943
0.03314781312168508
0.030869578613439603
0.030850885441996198
0.03083222385425527
0.030813593764757456
0.030794995088358885
0.03224757485999346
0.030755772803009427
0.032195898297418216
0.03071670397782123
0.030386910341152755
0.029636091180236204
0.032117752333659065
0.030643472380587296
0.030625159528895
0.030606877236971024
0.032027157592273876
0.029539068148031436
0.031276112699124135
0.03196049674053353
0.031480388046797494
0.03120850867918336
0.031185610446563965
0.030159108016888227
0.0304383637108943
0.033257300863028125
0.030398394808038947
0.030380489518018108
0.029368292325689986
0.03104953278930238
0.03032772577678513
0.030021166520729742
0.02929791845043634
0.030276705144142567
0.030258998541068415
0.030241320892115342
0.030223672121389177
0.02921119697964065
0.030189911259037142
0.031121081763288982
0.031096553397768206
0.029850780842578646
0.030117702399243662
0.030100254898706574
0.031020733840977317
0.030064005590356158
0.029063392881628108
0.03003073532717212
0.03138281327986306
0.02955249245876901
0.030903357117604762
0.029958819084077982
0.029941628941872685
0.029924466409679513
0.029907331416378073
0.030587595745913087
0.02960343996783957
0.031203485111415626
0.031174681262136527
0.02981845502993685
0.031127677724425352
0.029782726688798746
0.02976581874078612
0.030428435698865722
0.0293076323024975
0.028773107315778916
0.029699586529974734
0.029682810239879526
0.02966606050053155
0.02870645225722463
0.02963398027486053
0.029617307385386395
0.028655843048234382
0.030483195625348063
0.02956743599451807
0.03220521418918317
0.02953069374674753
0.06037847027540984
0.029481310707905484
0.02852642561991832
0.028507453986763374
0.02943470785371937
0.02941834025250433
0.029144819956016796
0.02938638938868365
0.030263186545990233
0.02935250721698472
0.03424256739108024
0.02931361489344437
0.02929743668717804
0.02928128353279182
0.02926515536800867
0.029249052130763103
0.029232973759200215
0.058299885206507515
0.028255863124583197
0.029171259175591047
0.029155293290004446
0.029139351936148857
0.029123435053499482
0.02817753363673722
0.028159208426029998
0.029078390871415574
0.06389078552013135
0.02990107915282253
0.029009821750513934
0.028994094636638296
0.057808500962500196
0.031566757396681557
0.0289290102095983
0.028913399779699533
0.030179098012874044
0.02796410946894322
0.028866280999432958
0.02885076560480241
0.030109722961489012
0.02881814056940369
0.027892125271182712
0.028788512798464016
0.030040781103157707
0.02833759407558458
0.028741144539666613
0.028725817961939522
0.02996881696738794
0.028693600677559484
0.05744495594824733
0.02932125576020443
0.028632903152129536
0.029881117085434256
0.030958394452626062
0.02858274814537097
0.028567652724254516
0.028552579734626833
0.028537529122917113
0.028522500835729443
0.028507494819842116
0.028492511022206898
0.02847754938994834
0.027573402144969457
0.02844887591512981
0.029672617182609495
0.028417519398331165
0.027518179704077186
0.029050795216847367
0.02748899234991757
0.02836000070827813
0.028345233757850235
0.028330488459730765
0.02831576476287707
0.06094830931180209
0.028268621489309826
0.02825398111127271
0.029464801338136507
0.02734754847423331
0.029028702445516127
0.029410667851710193
0.02817802506561033
0.027295166790618077
0.028804494075974563
0.02934227315119617
0.030538814137261304
0.028101665960310458
0.02927148096970734
0.028071404402962578
0.028057051645532776
0.02883221347325045
0.028027310534563706
0.028013021565429105
0.027998753135339224
0.06051645335989043
0.027762772795054957
0.027939170868929088
0.027925001217423806
0.027074281424199147
0.027897808072887657
0.0278836973196692
0.027869606700344156
0.027855536168692237
0.0286222670208225
0.02763875095018401
0.028449278826229885
0.02895614858821265
0.026957503375642865
0.061937227906228756
0.02887851488076921
0.02690965351500754
0.061713920533521364
0.027677428630821784
0.02766361670723398
0.02764982424558399
0.027636051201736088
0.027622297531691504
0.027608563191587873
0.02759484813769868
0.02678054492973145
0.027568500376138633
0.027554841277878658
0.028660340241897363
0.02752621144957426
0.027512611727770014
0.027499030988633027
0.02669126761872737
0.028077498690593564
0.061291870729961916
0.028017726217478684
0.027413463390518637
0.027400013666173402
0.027386582593572247
0.028130005175482507
0.027358761502227685
0.027345387803636847
0.027332032586940457
0.027318695811010575
0.02730537743484447
0.02729207741756425
0.02650719412659808
0.027266506407072715
0.027253259686947418
0.027240031167038475
0.02797444846305734
0.0556450879430157
0.02700859336030267
0.02826981801097895
0.027158912976151833
0.02969525592120287
0.05910877451187865
0.02710018605619144
0.05896175909257873
0.026889383569940282
0.0270453033281612
0.02686250835304059
0.02701988375581479
0.027006956029692452
0.026994045815079703
0.02698115307376011
0.027548158037835654
0.02619351246623683
0.02617846341642377
0.02800318983397945
0.02691709878547327
0.026142812258358298
0.026127848149105407
0.054996458435124934
0.026854862261290267
0.026842151101294787
0.027577184124096037
0.026815811569839372
0.026803152978125026
0.026790511318085956
0.026777886553222795
0.02784550306374378
0.026751424403404295
0.026738852008707632
0.026726296359953487
0.05471743179329031
0.027431836927690554
0.027266514838636898
0.026661936504517765
0.026649478032188246
0.026637036065252074
0.026624610568458783
0.02719980235396215
0.026599338779651416
0.05816267822741378
0.02655880174251465
0.02654647374083503
0.02653416197071801
0.05799516714137576
0.05786693171428385
0.02646609157980331
0.02645387400275441
0.025678058035454237
0.026430399984036172
0.026418228951495162
0.02640607382642117
0.026976636335226862
0.02621173230896716
0.026369700196779994
0.027421108184091353
0.02634431749437616
0.05759989307222877
0.025549046620334345
0.027352195723784042
0.05535528675382195
0.0262552283008023
0.026973005556133405
0.026804047891951
0.02621805332238082
0.026206147665271077
0.026764592471926987
0.027228673398646312
0.026168894297255482
0.02615705215172359
0.02614522523275428
0.02613341350876185
0.026121616948250274
0.026109835519813062
0.026098069192132783
0.055067383167760664
0.026061448565959152
0.026772451287126058
0.02529404299670011
0.05700991869506327
0.0532877649961666
0.026704151409948307
0.026688040896701244
0.05836202557412816
0.025923665550339065
0.025912116500311992
0.02590058208641241
0.054496727521166195
0.025864814808309867
0.025853335413333053
0.02584187051551783
0.026389084515120096
0.025818557380169173
0.025807136307101654
0.02579572961250174
0.02633958315050664
0.025772536600407393
0.025761173369787106
0.02574982440027418
0.025738489662975216
0.024990086661825024
0.025716707237641082
0.05631437437940428
0.0278016817790447
0.02668641392044817
0.025489032562775255
0.02491577927913657
0.026651322341004074
0.02562020513531645
0.02560902742078137
0.05610945825730322
0.025572355950732182
0.02610571989971389
0.02538627421394271
0.025539035353625075
0.02552795306866356
0.025516884486224585
0.05592037027009097
0.025316841346973745
0.02530464294828955
0.025459369793027688
0.02544838048610338
0.026043806520168612
0.024707023392867625
0.02612475215021912
0.02468510207542043
0.024672302114822176
0.025384218551367025
0.06174098628642514
0.025343785452259914
0.02533293165494886
0.025322091114356106
0.025311263804324212
0.02530044969876649
0.024988790995670772
0.02527909580690362
0.0252683208964723
0.055459846715622256
0.05193639532047613
0.02671061421289585
0.02449963103104126
0.05521834545312063
0.025164439010108928
0.025153789331292503
0.025143152517521944
0.02513252854368317
0.025121917384729287
0.025111319015680384
0.02658334014329891
0.025088739666966408
0.024387864507243832
0.02558651866399292
0.025745726095023787
0.02556170094373629
0.025035290732847812
0.02502479656673017
0.02501431496321724
0.05291229871495932
0.02498157377386179
0.025660773573249068
0.02495992229811369
0.024263310373825075
0.02493987140477613
0.025442238766788215
0.024232874914546405
0.02542105544243926
0.02540797540405829
0.05614358355513868
0.024863117022942777
0.05460685598330611
0.024670440484676988
0.025316689546677866
0.02413513232955758
0.02479918395088854
0.024788956439586278
0.025464398244050456
0.02476775698850743
0.02569843245152319
0.024078879314316123
0.025417057765648444
0.024726042614725087
0.024048863959162073
0.02538417758113335
0.02469560862201643
0.02468550326582981
0.054333339736221405
0.02465213059900868
0.024642071676344756
0.02463202449558976
0.025293081978748078
0.024611207504950956
0.050857950994447225
0.02458053627623743
0.025071309761520152
0.02456023778977585
0.025487043606336003
0.02453937657385057
0.024529445233988447
0.024519525398188375
0.025177788515615463
0.024498971576123397
0.025414222385697804
0.02513976057571906
0.023813779116590668
0.025377940919525284
0.024447740511624624
0.02509408033355702
0.025080498471805625
0.02441683736244324
0.02426976154441517
0.024397616654342143
0.024249426099281452
0.02437843986278528
0.02436869448602559
0.024358960266171
0.024349237182553236
0.024339525214556547
0.024329824341617512
0.025224181351174862
0.024309540420168804
0.024299873900757482
0.05049856100809858
0.02427006440314265
0.026114074067882936
0.024248947577401724
0.024239346603010376
0.023584685291697334
0.02357338121045835
0.024211964323171537
0.024202405020021356
0.024192856532998793
0.024183318842295094
0.02417379192815125
0.024164275770857994
0.024018211675328197
0.024638895020005085
0.023998067568015608
0.024771801074316785
0.02501881472294783
0.024745469176817986
0.02409599121582057
0.02395430805817192
0.024077473814823804
0.02406806600883196
0.02405866874277402
0.025864075029431763
0.0240380933165987
0.02339669412262841
0.02402003207791833
0.023881702012429888
0.024001678747647547
0.024622990019447635
0.023982358747786283
0.023973057402910513
0.023963766405222457
0.023827412767807785
0.023945534436536565
0.023936273878270672
0.023296334944238196
0.023918431945942543
0.023909201320638847
0.02362012589503698
0.02325800911895735
0.02437234201124101
0.051287297315700614
0.057312819138704674
0.023828014999674473
0.02381887604300154
0.02380974714767149
0.02380062829574333
0.024268963405647218
0.023163125620186423
0.05550749975532584
0.023750763639067436
0.02374170531761071
0.023732656916655045
0.024574681175012877
0.024171850467355867
0.024160488701805902
0.02309708477152434
0.02308640810121401
0.02307574737626834
0.023416050230589066
0.023405760032238168
0.023652427577657686
0.023643476391141817
0.023508561758591964
0.023625909833221923
0.023616987327298423
0.023608074502250758
0.02359917134106009
0.022985303853474616
0.023582004124652733
0.023573129085419753
0.024024852887096878
0.023555105785461133
0.0234199145272513
0.02328267436188792
0.02352907706625253
0.023520259039458095
0.023511450510681767
0.023502651463344494
0.023493861880907015
0.023485081746869692
0.023476311044772376
0.023467549758194352
0.023458797870754163
0.023450055366109494
0.023441322227957116
0.023432598440032672
0.023423883986110602
0.023415178850004093
0.023406483015564833
0.024238749499955782
0.02338831899127314
0.02337965194332764
0.023370994131042468
0.023362345538464814
0.0227603775047932
0.02334566462217197
0.023337042864935768
0.023783367632895912
0.02377251768685583
0.02331064617292147
0.02271172672493131
0.024126525593386485
0.022695873966695524
0.02327674044795543
0.023268191613896077
0.05472586924104582
0.023117885063047156
0.023833496676765126
0.02494560479799172
0.023210318914122383
0.023086869880929443
0.04909288509736052
0.022594037340721032
0.02258401503171564
0.023159560451064022
0.023151128030511326
0.02314270444783939
0.023134289688027426
0.023125883736089703
0.023720555310660904
0.022527140006780962
0.023919900846684956
0.02309153814563942
0.02389720515969088
0.02307406611781378
0.05320646919491627
0.02304490022059658
0.02303658420315576
0.02362255795086701
0.022453510337734666
0.023011637583558956
0.024211120929459488
0.02299407603283533
0.022985812881758393
0.02376832135653649
0.022968578967506665
0.02240275065367958
0.02353982365935652
0.022386115385543838
0.023362835133062938
0.02292770379093754
0.022919509225580028
0.02291132309884603
0.022903145396638076
0.02289497610489115
0.051701441539575406
0.02286697082765441
0.023640975546956263
0.02284998869697581
0.022841870712255297
0.02283376104037628
0.02340411125738361
0.022816987871267576
0.022808903772053635
0.02280082792931879
0.0227927603293806
0.0227847009585878
0.022776649803320195
0.051495038319853983
0.022748999172893178
0.022740981061330674
0.022732971099009888
0.022724969272490146
0.0227169755683613
0.022606070612044216
0.022701268205979515
0.022693298423495573
0.05249617976013549
0.0234243410017017
0.02212277418109908
0.05492490665949815
0.023366535563163867
0.022618854648496358
0.022610961237397736
0.023160106911883267
0.022594647216797725
0.022586778285571502
0.022372808772387207
0.022571195216740284
0.02256334985600699
0.023108017272009944
0.022547137705344496
0.02253931657985126
0.022531503284667066
0.022011466235995522
0.022516387755901403
0.02305813231773361
0.02241321153698194
0.024058628586995236
0.02197583315864285
0.022476281070143198
0.022468530787372668
0.052012300083388516
0.022441275908622587
0.022348579680963345
0.02242607974824741
0.023132245298088133
0.022410039108411592
0.05182913705132002
0.022766437952825295
0.022375115388569913
0.022907310054407458
0.022896834859258794
0.04970686535486802
0.02184643297312892
0.022326190057433422
0.022318579292476097
0.022310976023618635
0.022303380238870893
0.053966715983239016
0.02219623791283774
0.02226757675152616
0.021785569112369747
0.022252919537224275
0.02224537716440533
0.022237842180583733
0.02223031457400234
0.05034779847552904
0.02212463059600849
0.022875852741228067
0.02218901213244473
0.02218152922946918
0.02217405362273204
0.022532504945674083
0.02215891379020182
0.02215146019072008
0.022508031788225802
0.02280489733980272
0.02212834235136271
0.022120918534514186
0.021649747128611518
0.022772554902901705
0.022622480668649882
0.021919445269785332
0.022083354320726434
0.022596889830629154
0.05010565563522518
0.050011400440680386
0.022031904561596257
0.02238491823436652
0.022017034257582165
0.02200971238827784
0.02200239756472061
0.021995089775893727
0.022641048274571137
0.021979922145974665
0.021972636034048865
0.02196535691195582
0.02195808476879901
0.021950819593705297
0.021943561375824868
0.021936310104331128
0.021929065768420675
0.02192182835731327
0.021914597860251694
0.021907374266501734
0.021451003650909312
0.0480710819667353
0.021876809813834913
0.02238553663926267
0.021861950336360212
0.02140125321617596
0.02184802282601241
0.021840859944523082
0.05293425926132344
0.04953217159166837
0.022430784202266848
0.02178867225819241
0.04776578343172914
0.022401247565426545
0.02175762724702593
0.021684587508853687
0.02158406664334079
0.021736682171375428
0.021729616183353607
0.02206875494882968
0.02171531227835903
0.05015773425328636
0.022028569190487707
0.04917956031666021
0.021666066034387713
0.021659060833723282
0.021652062198852472
0.02164507011976938
0.022257642522103424
0.021964875779026408
0.02223747401990698
0.049035104369117864
0.022208806173774305
0.021591339478505847
0.021584401648910866
0.02218304915747031
0.021570026175556718
0.021563108273802246
0.0211408204533026
0.02204313266877027
0.02154231713279444
0.021120069349584224
0.021111687130276606
0.02110331583271797
0.022009846162894104
0.02150860477752208
0.02144332791832245
0.021987612458658847
0.02148777614486404
0.02181204678397863
0.021473920037132173
0.021467091112903524
0.021460268489066306
0.021453452156166203
0.02103124337615583
0.0214402144494784
0.02143341652138658
0.04875821209170598
0.021409819549908067
0.02189107907808081
0.02188185457692615
0.021388631406445188
0.021381878425288776
0.02137513163217863
0.021368391017890596
0.02136165657321951
0.021354928288979072
0.02134820615600177
0.021670319202892637
0.021661967967691844
0.021918457502314914
0.0219077776697155
0.04614988632360761
0.02129820545956056
0.020880015126540977
0.021614281213744983
0.02127839743077458
0.02127174273913863
0.04927601258516294
0.048360868264302435
0.02123180936401186
0.04826638980240664
0.02168978253867542
0.046580047671073016
0.020778790471117477
0.051913406776607024
0.02077035085402482
0.020762330814132555
0.021149552467866112
0.05383538406933619
0.021123050614219596
0.02111652029985106
0.021412381973830785
0.02140429789025092
0.020724631259955325
0.047826570900332245
0.021074480023070042
0.02106799073516893
0.02068845214695555
0.04547419349326158
0.020656817689321105
0.02150319154750045
0.02102779214167034
0.02097506029747812
0.02088710478546098
0.048351427158105496
0.02099257723662654
0.021288235990618704
0.021445586699766542
0.020972763080772748
0.021430139814865173
0.020959550599911708
0.020953159155927305
0.020571973788924284
0.02124203340325198
0.020934196641300966
0.02092782760061763
0.02092146419822272
0.02091510642598969
0.02136936519810312
0.02090200073592265
0.020895660248645802
0.02088932535847713
0.020882996057371872
0.020876672337301092
0.04809873476874164
0.020854484640986354
0.02084818362949289
0.02080077513463704
0.020835758425512087
0.021365242911476342
0.02082275652427158
0.02081648338287321
0.02203847413149647
0.020802959372075363
0.021247116771937462
0.02079005815824622
0.02123208075079548
0.020777181704716027
0.02041566541397549
0.020729918733091136
0.021283896318931694
0.020752321513505746
0.047190392381146154
0.020730726660733594
0.02072453188417116
0.020718342498861782
0.020358103737044032
0.020350503874652016
0.02034291339274079
0.02069457260035015
0.020688409084253765
0.020682250915280226
0.020967143353855328
0.020669805310673507
0.02066366324977379
0.020543710333680004
0.02065145143669616
0.02196916464996988
0.02063816248836629
0.02063204797298023
0.020625938735487143
0.020619834768465774
0.020613736064509332
0.020575527805085068
0.02112080828328292
0.02059520197350119
0.020589124476984928
0.0469465621827099
0.02100586218441728
0.020561490121633202
0.020555439419474488
0.020549393906805394
0.02054335357637456
0.020537318420944545
0.02129356667994201
0.020524900708589502
0.02051888131608461
0.020483815180565093
0.020507001799492414
0.020500997635796138
0.020494998596790756
0.020489004675349295
0.02048301586435849
0.020477032156718655
0.046758780785973196
0.04453471626516788
0.020880227666384407
0.02043612147837363
0.020430173531323887
0.020424230633000518
0.020418292776419968
0.02038062447226639
0.046565442679120106
0.02035915172313098
0.020901648456514446
0.02037970197298225
0.020373799582778303
0.020879899921607343
0.02024935229609351
0.020787901417023868
0.020349525196676956
0.04427914494372914
0.020621126404248125
0.020758969844372786
0.04416669124800543
0.020304584295326514
0.02029874149219386
0.019933172504863997
0.020287372277631725
0.046250322825120926
0.0207046493575482
0.020260835028391863
0.019895722190574575
0.02024952378254448
0.043924838509439706
0.020190000205323043
0.02022487853823541
0.02021909835629148
0.020213322997820304
0.020207552456259922
0.02020178672506065
0.020196025797685074
0.020190269667608063
0.020624399021067042
0.01981166208755152
0.0201729675571525
0.020167230624988926
0.020121719363802786
0.01978732664275823
0.02059058160432902
0.020445036305560323
0.020437922462488083
0.020132694399693018
0.02056462589112372
0.020120930162136202
0.02055091143237593
0.019745878493270873
0.020103801495326576
0.02009812187422997
0.020526688989894196
0.020086418518604324
0.020080753305708944
0.02060112958506122
0.04589816090721386
0.020054845809289762
0.019689365539468068
0.01968246437955326
0.020038525152113604
0.02003289726387141
0.020027273994462018
0.0200216553377035
0.020540925125845273
0.020010032477257314
0.019644947834419765
0.04575883959578364
0.020508217022939725
0.01997907184968902
0.019939466300449456
0.04566276668801988
0.019954055970634006
0.020375927851442883
0.019942586193338448
0.0203625641359267
0.02022683338525864
0.019893385741222288
0.019920042694786727
0.019559461522563742
0.020426744940706475
0.019870909496623547
0.01989795824048114
0.019892441091444446
0.019532373445275298
0.019525626968677746
0.019876489076108495
0.01987098922892785
0.019865493832301025
0.01986000288035301
0.020149453626869682
0.019848891834289235
0.020267141655561205
0.04545769392295862
0.020117256432381714
0.019818203734943102
0.02023412146526045
0.019806958865642276
0.019801513293979174
0.01979607210226014
0.01979063528473767
0.020294335722837113
0.019779394130523535
0.020280031299057488
0.01976817351993376
0.019762759203212854
0.019757349225409098
0.01963126318894272
0.020160913398588023
0.01961923644497267
0.019735538643583336
0.019730150529878934
0.0438483639745374
0.019712033120125292
0.019706662006501265
0.019991609570041865
0.019665798398957036
0.019690561990188298
0.019654454109038412
0.019679984431989744
0.019326793594536693
0.019669572936767753
0.019315128770964002
0.01965917832247806
0.01965384906219719
0.019648524031046066
0.020150900128618737
0.020783026593765068
0.019631360678942517
0.01962605364820428
0.02003290181791933
0.019615125120305485
0.019609830994808907
0.042899703980848046
0.01959226019072968
0.01923724543791392
0.019581983022020504
0.019225736662371807
0.019571722379588874
0.01956646072216602
0.019561203207318998
0.019555949829724376
0.01955070058406822
0.02005395278637807
0.019539843182344665
0.04495386595883559
0.01993360489514557
0.019168166688753003
0.0448676659986221
0.019497518380322182
0.019143730683306298
0.019779862613420456
0.019482041835036313
0.019446024317996646
0.019471777861807874
0.04331722550672774
0.01996401076403482
0.019448739725784776
0.04468008172216311
0.0193068082174556
0.01942534592169319
0.019420191722646644
0.019415041532157073
0.019409895345134532
0.019054668113202007
0.04234362599249611
0.019904783611887834
0.019382502250705026
0.019891228496647196
0.044489404008692085
0.019773620772610797
0.019862909246985867
0.018996941012577276
0.01985159848635452
0.01933773077909618
0.019299498712215535
0.019327676145619352
0.01919700734027319
0.018966361760807376
0.01931277097129416
0.019307700626892098
0.019302634186546076
0.01894558992153419
0.019292780428854614
0.01925299174019985
0.019282794641126564
0.044326645671753935
0.01926491095994719
0.01925987556852369
0.019254844038143305
0.019249816363970943
0.044232067164951365
0.01923202530452139
0.019227013374150705
0.019222005276257465
0.019217001006055244
0.019503581591669882
0.01920686808718905
0.019706793246630095
0.01919652914350205
0.01919154435710873
0.044109923568395014
0.019173895250062675
0.019168925996258315
0.04181665680024386
0.019152471949373716
0.01965699767466799
0.019142208332898723
0.04171239209225724
0.018766573333530382
0.019534924730538368
0.019115924899651228
0.0191109966453897
0.01962102067377548
0.018743778094774666
0.019096139388892246
0.019091226109218342
0.019086316541592437
0.01959454436095364
0.019076150308812802
0.019071252167958092
0.01906635772044757
0.01957124585538313
0.01956346933041146
0.019343005029695354
0.01904597358275951
0.04235841395096858
0.01902951510534936
0.019024650614985997
0.019310318764516124
0.01901479871092021
0.019009945258501613
0.043698850010994356
0.019281895710451597
0.04139032565482945
0.018619244603969305
0.018972026369196784
0.019480536875889614
0.019253652458018612
0.0189570750627575
0.02116386847859288
0.02007193870939587
0.04352141989889391
0.018928189818479643
0.01857649740092489
0.018918861439189943
0.018914075161570756
0.01890929244298199
0.04342565951770509
0.01876585563819663
0.01888765533016451
0.018882890633790856
0.04334079774108511
0.019364776436457315
0.018860944685344723
0.0188561982311837
0.018851455289134917
0.01913412137281849
0.020028269175559835
0.018836316730630968
0.018831588592220772
0.01882686394371872
0.018822142780914417
0.01991619547306495
0.018811961867525095
0.01926209022366234
0.018802451654509642
0.043196927305383964
0.01878577668080116
0.01844427693382609
0.01916919696284004
0.01916285273042009
0.019250654995577824
0.018761688293605264
0.018757013654665908
0.043860548273912496
0.018410712649645163
0.019014716666144862
0.04301272527256138
0.018719130209650263
0.018714483544147148
0.01870984027272097
0.043673418007136575
0.01869315221621512
0.018961435230098307
0.019152524285703826
0.01867883436262589
0.019059519383157534
0.018669319119666888
0.018344330895595375
0.018660331558658743
0.018655726222868752
0.018922359223735467
0.0183260860876947
0.018642042309464583
0.01863745020923567
0.018632861438818402
0.04350383083146967
0.018616356810810895
0.01966186378657201
0.01829273803468048
0.0186021643618507
0.018282735783567008
0.018859658310289774
0.01858859072851329
0.01858403578728904
0.018579484132564907
0.018574935760463162
0.018951072824634867
0.018944934154739333
0.018560761466932384
0.018556226678968855
0.018551695153683222
0.018526350463079974
0.01854274015686436
0.018538218286297408
0.018533699663250684
0.01852918428390992
0.018789054973866494
0.018783440188934516
0.018892316060653867
0.01849056323482258
0.01850625202082078
0.04259507797801591
0.01849025486907482
0.018935223392299246
0.01817394348909069
0.018168431492073027
0.018472472019201984
0.01846799895211468
0.01846352907606303
0.0431765253635636
0.018447403450331062
0.01844294676707832
0.01843849325639254
0.041083866145190565
0.01842340621858524
0.018111353672525792
0.018414746867297927
0.018410312022432988
0.018783991169099068
0.018778004627556605
0.04029726407313629
0.01838614770819421
0.018381731922964616
0.018377319263889587
0.018751693300707205
0.01862950765497252
0.04291764999247059
0.01835224032950299
0.018347847103570042
0.018343456978288885
0.01833906995007927
0.01833468601536668
0.0401275806753735
0.018320074688559215
0.01831570284390939
0.04208146056416191
0.018300187177849446
0.01829582790947937
0.01829147170377489
0.018545911022891638
0.01828265744612865
0.018728325512142683
0.01827367127416274
0.04453698073130332
0.018257014272089006
0.018252683751563154
0.018248356261348166
0.018244031797974233
0.018239710357976998
0.018235391937897596
0.01823107653428265
0.018478227839049656
0.018201562451255413
0.018218134442431262
0.018192412643330488
0.018459866900560482
0.04185334014558207
0.018172199666553816
0.01789171501762463
0.018185969729206358
0.01818168722762197
0.018427034912371777
0.018078601276987228
0.018168792635979807
0.018535487116805784
0.018159996834916318
0.017858195845709458
0.018586692566265182
0.018147136976269417
0.01812132845811489
0.018508100107324427
0.01813421482379352
0.018129968260848235
0.03973667413089016
0.018555080661640716
0.018111259423486504
0.01810702751802545
0.018079358769058716
0.01809866432582615
0.01779354334404106
0.01809042873293828
0.018086211119108214
0.0180819964085056
0.01807778459785924
0.018073575683903022
0.01806936966337591
0.01850234471391685
0.018060684762065366
0.018475376840586633
0.01848687445672293
0.01804774139349563
0.01841123942260635
0.04157110719012984
0.018028363445312622
0.01802418717298347
0.01802001375793933
0.04149432445900456
0.017910048491004162
0.01800101794684434
0.017996859048940324
0.017992702989416815
0.01798854976510241
0.01798439937283062
0.017980251809439858
0.017976107071773422
0.017677110713488247
0.017968027976399993
0.01839420452387078
0.018322637486439034
0.01838215516869944
0.01831150624729143
0.017946334683861264
0.041361884948547964
0.017913828350913617
0.017909108461731056
0.017632184962760963
0.01791965208330592
0.01791554722537763
0.017911445146196508
0.017907345842682526
0.017903249311760426
0.017899155550359643
0.0178950645554143
0.04125415505434025
0.017880452618558047
0.041187820243695064
0.01828969556597408
0.017861547498094356
0.018279029137542407
0.018209850268841282
0.017848843587316855
0.017844784055402196
0.017840727253121864
0.01783667317747025
0.018187403870441963
0.04108474232162322
0.018234109332837374
0.017813618512961114
0.017809581438453063
0.01780554706935079
0.017787571687614606
0.017797568208483567
0.01779354185078066
0.017506508792285703
0.018138256369825335
0.017781433659242073
0.01777741810091068
0.017773405224418944
0.017769395026833407
0.0181784931193054
0.01811068276827243
0.017756886592225858
0.01775288748254065
0.01774889103667522
0.017744897251723443
0.04093769643133435
0.018078109198969898
0.01771546863115573
0.01796421539111855
0.01770685859091419
0.017714520462308488
0.017951239489253926
0.01770648055850826
0.017702513675008653
0.017698549420779114
0.0176945877929651
0.01769062878871626
0.018092525954014334
0.01740711155069826
0.017402229540030494
0.040814544117511245
0.017664730619996405
0.01766079011063308
0.01765685220245988
0.017652916892663892
0.01764898417843648
0.017645054056973163
0.017641126525473654
0.018574778074484054
0.017632702354863063
0.03882883664495051
0.017861237280554436
0.01733647684807402
0.01855507261527788
0.017607271877297773
0.017591784173737055
0.04126860090085651
0.017589261512367043
0.01758536840517857
0.017581477848973744
0.01792125985167012
0.03868013002097668
0.018504901965340582
0.01755982394688796
0.017959774664843144
0.017551827837390996
0.017547958272769247
0.9821137516008296
0.04073104314747179
0.01776017980649642
0.017433265030919316
0.01775237340618935
0.041281233879990144
0.017737993466731602
0.017733996449610396
0.01818833624570019
0.0177257265500413
0.01740366458951938
0.017398787926994053
0.017393915894789606
0.04056698070218436
0.017700295650150428
0.01760988819411789
0.017692387058455394
0.01792552271269611
0.017684357915375898
0.017621543444708964
0.040481153877410025
0.01766647649340655
0.01789844535273798
0.017338795580856447
0.01765474125942112
0.01733018941346306
0.017647063629890106
0.017321596182678114
0.018100369665752344
0.017871086992573743
0.01763115332508628
0.017627224622250474
0.01730348025521613
0.017619582158101603
0.01801864525634672
0.017846927480167477
0.017607472408580113
0.01728472715444558
0.017599854968258867
0.017595946873011456
0.017592041348665363
0.017268715845039237
0.017584444035352916
0.01752065664906957
0.018035087370071066
0.01757258057553738
0.017568690373567286
0.017245907668749134
0.04030461893262159
0.01723140147821873
0.017547529425188942
0.01754365439214971
0.017775198005345726
0.017535817695250363
0.01753195031846757
0.017528085469353628
0.01752422314520093
0.01752036334330584
0.01751650606096875
0.017193891638667063
0.017448700160171946
0.017505253788348253
0.017501406299657137
0.01749756131739975
0.01749371883889988
0.017170212098228443
0.01748624505445975
0.017395434789254566
0.01747861234727915
0.017474782170584686
0.017870895547192418
0.017466875618850172
0.017463053102037298
0.018514074470286617
0.017454785685177762
0.01745097108733976
0.01744715896083844
0.017126861554326918
0.017381533041529833
0.04223159797135604
0.01742524175137316
0.01742144492537341
0.01741765055239797
0.017413858629848913
0.01741006915513205
0.017406282125657042
0.017402497538837304
0.017344352901281994
0.017395031406472996
0.017391254039956408
0.017621579751854202
0.017383613837523217
0.017379843815967782
0.01737607621913334
0.01737231104446327
0.017056729256118477
0.017364984662855482
0.017594785572445874
0.017357378565798266
0.017353625366341142
0.017349874573910788
0.01734612618597634
0.017342380200010672
0.017338636613490277
0.017334895423895356
0.01733115662870976
0.01732742022542102
0.01732368621152026
0.0173199545845023
0.01700600835025616
0.017545355784178273
0.01722334500083149
0.017305188706699913
0.017301468864178982
0.017243707579287303
0.017294129906126447
0.017290417083146156
0.017286706624910816
0.017282998528950898
0.016968833219662294
0.016964309622172772
0.017660642162863456
0.017655598150584775
0.017210660843117707
0.016949544066803608
0.017257299413978282
0.017253609973634274
0.017249922873677073
0.01724623811167227
0.01768746077249264
0.017238614012389207
0.016924945199117383
0.016920457385646574
0.017673109808068355
0.01824752058165907
0.017219776171772377
0.016908192356220913
0.01721263820346906
0.016900205897892488
0.017589126168188838
0.01689268426917556
0.017198152609376814
0.016884720005359937
0.018211708807883146
0.01718680171234056
0.038372586543784296
0.017174342479342287
0.01755477660076159
0.01716683254602631
0.016853364980951427
0.01707153286064427
0.017539267402430614
0.01759454171287152
0.01709607880706808
0.01714489027593545
0.01752261179367983
0.017577063488297514
0.017512780592230846
0.017129704433133077
0.017126094627504754
0.017122487080205667
0.04029514954446472
0.017059099872462204
0.01710577543060076
0.016799546601044744
0.017098771347311525
0.01679170756749924
0.017091776176922018
0.017466635949903882
0.017084372789656705
0.017080790148819667
0.01707720973893811
0.037523996110834644
0.017065144538940598
0.01706157289850084
0.016749690480177097
0.01705462360963272
0.017051058482099528
0.01704749556803866
0.01748342369854151
0.017477784402905667
0.017036315593696092
0.016980853118852748
0.017029298043855026
0.017025748652539398
0.017022201458674564
0.017018656460028824
0.01724550749166614
0.0170114841429619
0.017007945768001822
0.01700440957931843
0.016948997238203794
0.01699743082349167
0.01699390109976271
0.016990373553565034
0.01668236070832287
0.01721323541012545
0.017356854590381873
0.01697615306209455
0.016972636458507516
0.01666550906735855
0.017341840759947512
0.016962056108288267
0.01665492446264597
0.016955225091871938
0.017326865671479702
0.01732210209384626
0.01731734295912201
0.01694054905690756
0.016937054412804287
0.01716310412509635
0.016929983487935302
0.03936339885141192
0.016917315955945075
0.016913834505823004
0.01691035518490785
0.016606572175469694
0.017332905917704353
0.03928779399529343
0.016890731716005674
0.016887265487398623
0.01688380137312119
0.016880339371057203
0.016828538206767815
0.016873504978619055
0.016870049224061788
0.01686659557337652
0.017232463696985324
0.016859474406607813
0.0398159300972062
0.016846771855155724
0.016843331358847784
0.01683989295154967
0.017203917216079407
0.016832803816240673
0.016829371828318652
0.016532418745765994
0.01677551269791264
0.016819345040729336
0.016768256089487957
0.01681258129797169
0.016809161484653834
0.016805743739799872
0.01680232806135664
0.016798914447273883
0.03907890326011048
0.01678650845068477
0.01678310339175281
0.03901619893647026
0.016770739399422658
0.016767342855757216
0.016470261732405615
0.016760729670130297
0.038946170223603006
0.01697214083198606
0.016744949527288194
0.016741567490184475
0.01673818748527939
0.01709988714270351
0.016731218768002827
0.016727845008009515
0.03685768757294016
0.016716414601903904
0.01671304883287007
0.017076191567338035
0.01665756217688095
0.01670282964521412
0.01665044679235842
0.01669619722477085
0.016692843538882906
0.017055505998819033
0.016911055322156605
0.016682495971727412
0.01667915049886526
0.01667580702256115
0.016624040899168562
0.017090129701258155
0.01666563534535714
0.016662299929267887
0.016610864285342985
0.017075055270029043
0.03874323911742328
0.01635064396674553
0.036666569574565995
0.01698377379037427
0.0166288920326978
0.01662557659176777
0.016323789191224233
0.016619124593308724
0.016316576351796036
0.0168385987362176
0.016609289898435135
0.016605986035811576
0.016602684129862676
0.016599384178685946
0.016596086180381487
0.016592790133051948
0.03858885959931445
0.016580804267556846
0.016577516305261508
0.01657423028454487
0.016570946203524502
0.016792221754982704
0.016564300087917982
0.016509517495753037
0.016505782642368457
0.01655463082692437
0.03645549455036718
0.01624057024386659
0.016540438916205737
0.01653717382330207
0.03844335716194615
0.016894287283956862
0.01674854219141879
0.016518496612539506
0.03631393204027454
0.01650748691731309
0.016447019277233837
0.01644332445684048
0.01686941075033526
0.016187570322720255
0.016491393905698044
0.01618053002475461
0.016714554014599075
0.016852894780054792
0.0164783302250808
0.03829508220180279
0.0164665816498722
0.016463357134848325
0.01646013450156924
0.01682625797004639
0.016681861157921155
0.0368210149995848
0.01635339854482865
0.016439149764459298
0.01643594042560681
0.017511210667761644
0.01642895755571468
0.016794271725259935
0.016365638177259043
0.03815081946877812
0.01641079095811631
0.03809508274905586
0.016094037190201665
0.017380559527576955
0.016392462910596897
0.016755166871054175
0.03802827129662886
0.016322265872441257
0.016285449153819208
0.016315604616287203
0.01636818926492461
0.01627555950160665
0.01636188376254205
0.016358716609155378
0.016051497241237774
0.016047651590932875
0.016349566075702364
0.01634640598803808
0.01634324772194534
0.038602484352039834
0.01633158885566236
0.03787826423293009
0.01632015484496385
0.016317009898715817
0.01631386676035505
0.016736883115471887
0.01630735952039344
0.016304221950082198
0.016301086180683745
0.016297952210499976
0.03984370379481323
0.01628570099100095
0.016702139123232203
0.01598401515492564
0.03773083976581594
0.016216435865204947
0.01621288057626609
0.016620828529843916
0.01625867453192154
0.017211916478200147
0.01595812243063429
0.01624900506218834
0.016245899070112656
0.016465947528615965
0.01646207832834384
0.01623642935966218
0.016182670256972988
0.016230307993030935
0.03763375948312453
0.016219072712697236
0.016437444481210668
0.016212814340291155
0.016209728066328113
0.01620664354610158
0.01620356077797416
0.01614979982378007
0.01661118829775555
0.016194179324557544
0.035550539064799096
0.016183775413438187
0.016180704848173785
0.016595112543195553
0.015880176503705015
0.01617144660051138
0.016168383019564483
0.016165321171481152
0.01616226105465078
0.015864704981596176
0.016156307570299743
0.016153252527118637
0.016150199208881305
0.01656380988103521
0.016558977199399652
0.03745776890054644
0.015840264857835015
0.016483952109724732
0.01612646664125119
0.016123427633952487
0.01612039033700366
0.01611735474882279
0.015822371904665174
0.016525177401030853
0.037380093941195444
0.016100216387995563
0.016509030383040142
0.016093953708344103
0.016090932161145637
0.01608791230845016
0.016000363846277108
0.016081909156890697
0.016078894363462253
0.01642611249320168
0.016481714428204657
0.03530326681638435
0.016062271259734397
0.01605926675615823
0.016278421957324502
0.016053182853508634
0.01605018342520117
0.016397744584415928
0.01604399881083491
0.016041004533543242
0.016448626147764184
0.01603480888505577
0.016380203453361605
0.016028642904437364
0.016025657231959048
0.016022673221226216
0.016019690870718712
0.03719980695753755
0.016355607796860787
0.016351568943410093
0.016408041379432362
0.016218844687838452
0.015996281774336006
0.03713312053413267
0.015985475248434515
0.016201188603908817
0.01593390847719734
0.015976581035140408
0.03707053624434848
0.016183631852451
0.015679533689522664
0.016362260730492007
0.01595683119074284
0.01595388296101717
0.01595093635972016
0.016164800811193602
0.01594497099442408
0.015942029310218205
0.016338322948149638
0.016277384081423863
0.015932825611294964
0.015929890668983294
0.01564742160136238
0.015924176039572198
0.01592124584143823
0.015918317255376107
0.01591539027992784
0.01591246491363721
0.015629795675792712
0.015906769123964843
0.015903848476335896
0.0156206243502604
0.016114429849881998
0.015895169677492292
0.015892255375304337
0.015844694405249174
0.015886498427839832
0.015603085782543205
0.015880830766587042
0.015877924283663324
0.03494812109728281
0.015868044968967043
0.015865144770920898
0.015862246158180916
0.01581173930277094
0.01585652138657384
0.016257047409390924
0.015850530952617993
0.015563357918305985
0.03485482838589951
0.01583797267224783
0.015835088168358765
0.015832205235941955
0.015779342804681205
0.01582651236485008
0.016231646318970776
0.016164824163214898
0.0161609211094845
0.015814439178058106
0.01615001782799348
0.015808637966217228
0.015805769449150704
0.016207186820245453
0.016141645784050623
0.01619878327608242
0.015793725187318815
0.03476010930476082
0.015783991732423255
0.015781135950881098
0.036702674358357563
0.01577070419457949
0.01576785483652234
0.016170099548356777
0.034640694322496945
0.015755138157005254
0.016161241821921166
0.03727075953998364
0.015741541858989468
0.015653177138122875
0.015735904603409512
0.03653807079406788
0.015725575620569407
0.016064780836637378
0.015433688867361978
0.015717068623829693
0.036477828002771814
0.015706779463152232
0.01610746259506516
0.01570094464567992
0.015412935274256705
0.01569546519100978
0.015606538470213316
0.015689874638768992
0.015687065892161723
0.015684258651103303
0.015681452914266463
0.03639860914778248
0.015671227170121073
0.015668427665101486
0.015665629657738073
0.015377596073470211
0.03700541631127519
0.015652613515926006
0.015865141799777667
0.01604546853428869
0.015982409442822774
0.03692205740191925
0.01563347958830485
0.01563069875407789
0.015627919401597277
0.01562514152956424
0.034272863851310266
0.015615730874617793
0.01561295882865265
0.015610188256957496
0.015607419158242519
0.015604651531219486
0.015320303277221458
0.015599265752594224
0.015596502439501338
0.015593740593052817
0.015508292657463892
0.015588251053980604
0.015585493586128424
0.015582737579816947
0.015579983033771796
0.01557722994672011
0.01557447831739059
0.015909593305831863
0.01589885547912069
0.015285082854113508
0.015563399480538557
0.015511217837632563
0.01577118624912731
0.015505303937521147
0.015470188700737318
0.01594693624548864
0.015942606102817683
0.015543916948390503
0.015935399531453977
0.015538257674864182
0.015535526641217141
0.015532797046128394
0.015530068888351272
0.015527342166640591
0.015524616879752682
0.015521893026445372
0.036067372162880605
0.015511940585596557
0.015509222681138928
0.015897862004788273
0.015503600559555283
0.015224692691812905
0.015498315786887984
0.015886136923321068
0.015492705750478506
0.03404725848548554
0.015483495049490105
0.01581614175334201
0.01547791847987445
0.01547521781745599
0.015806812101807875
0.015421838423116561
0.015467016826201219
0.015185706878554285
0.015461769415412463
0.01545907718314272
0.015177266624873858
0.015453838065619145
0.03591850605057082
0.015444003270538055
0.015834744684091812
0.015830503406785195
0.03457074914397454
0.015428971108314616
0.015637346198543896
0.015373808740593386
0.016398490237804465
0.015417801829830633
0.01541513121091021
0.03644527682959963
0.015792897253217166
0.015402352626048563
0.015785884623415087
0.015396841533067992
0.015394181122804107
0.015597635325536544
0.015116779227919024
0.015386275562844115
0.015335816046818098
0.015381028431143926
0.015584142079253129
0.01625651095394745
0.015372585505696762
0.015369937660785309
0.015367291184048492
0.015094392222980818
0.015362138159219597
0.015359495694800177
0.015561596167620538
0.015558305751244677
0.0155550175968069
0.015079633231462471
0.015346233017825497
0.01572430163706854
0.01534078362554458
0.015540882895401884
0.015335454036977713
0.015332825320226135
0.01533019795543312
0.015327571941454286
0.015324947277146613
0.015322323961368399
0.015697438041622575
0.015693312462178022
0.01531410211337505
0.015311484401349811
0.015235670748225594
0.015306278337822504
0.015303664639319215
0.015301052280063409
0.015298441258925686
0.015295831574777858
0.015293223226493135
0.015290616212946011
0.0152880105330123
0.01502089789285625
0.015282935149048216
0.01501522322821585
0.015232573028429394
0.015275324724386292
0.015272726813219485
0.03620793696050324
0.01526302008962436
0.01526042777512802
0.015630159816105025
0.034271108446559125
0.015248639893696915
0.015246054310158262
0.01524347004266066
0.015240887090101445
0.015238305451379242
0.015608520903518254
0.034206713118008665
0.015226569360732259
0.015420898959547905
0.01522135564800104
0.01521878333945897
0.015589093676916393
0.015213466661203974
0.033536180884215165
0.01520467946139774
0.015531064170272953
0.015199390136900463
0.015196828407095785
0.015194267973757489
0.014925804183115798
0.015189281887524749
0.014920232282418264
0.015560945644038203
0.015181570013138152
0.015554235870707523
0.03536078414027233
0.03531671004679354
0.035272772797562586
0.015353015957318123
0.0151532445022391
0.015150704129666404
0.014884204274378443
0.015145756650805158
0.015516466935909997
0.015140510113566442
0.014874557868407998
0.015135572480734561
0.015458758490866455
0.015502120820713169
0.015127649290470632
0.015125121814603007
0.01486038893375645
0.01512019890347847
0.015117675152064287
0.015115152666216446
0.014850042466169812
0.014846969268761676
0.015107849303318613
0.015302254002628801
0.015102750831858625
0.01510023579268072
0.014834596666658033
0.01541990965149276
0.015044840856857998
0.015414425601154316
0.01545841667828799
0.015084870412616773
0.015082364338369493
0.016973660700460164
0.015396348025669566
0.015392963089990323
0.01507120779505248
0.015068708650602489
0.015066210751404253
0.015063714096436044
0.015017361772819132
0.015058780050973409
0.014797748397643437
0.015249909025915758
0.015006809336576997
0.01524430834837764
0.015046380909380533
0.014973904712408486
0.014971008431950303
0.015038971495096686
0.01503648834189779
0.015034006420878106
0.01539664107743285
0.015028877736756346
0.01502639960634856
0.015023922704009955
0.015021447028738394
0.015018972579532785
0.03318729272665068
0.03503034167367691
0.014931413661079947
0.015001382131287537
0.014998916429247338
0.014950725293006778
0.014994044137417433
0.014991582045940043
0.014989121169839963
0.01498666150812915
0.014723041573529756
0.015179269822514144
0.015347359680561449
0.015173050551957633
0.014974210079844964
0.014971757769463466
0.015165006150172558
0.014966793325722793
0.015329494834146366
0.014961730119551238
0.01491432305678087
0.01495689367613175
0.014883881195377533
0.01490678471829384
0.01494964427616121
0.014688563877923966
0.014944888553843438
0.015259606083424082
0.01468120936848745
0.03491059088342722
0.014930976039901888
0.014928544334785314
0.015290991711135089
0.014923518373215724
0.014876057398760802
0.014660471712543421
0.015232737341052785
0.014913840019511983
0.014911416706617494
0.014908994577925333
0.014906573632482364
0.014646182486520075
0.014830120583270838
0.014854115629443753
0.014637889537075933
0.01489480982788208
0.014892395766441949
0.014889982881783713
0.034817412812955854
0.014881048997808928
0.014619264354801638
0.014876356874332553
0.014873951187928492
0.014871546671777309
0.014869143324941313
0.014607100566165342
0.014864462627122915
0.014862062710177343
0.014859663958870454
0.014857266372269676
0.014854869949443447
0.014592667348016184
0.014850202875679326
0.015163103563729413
0.014845269624977649
0.014842879024740059
0.03345641349214943
0.014834490374199935
0.01483210444908769
0.035294730849375656
0.014823115362516553
0.014820734337721339
0.01481835446383155
0.014815975739930758
0.014742915463336656
0.01481124523197733
0.014808869942711583
0.01480649579978513
0.014997658775454017
0.01480168916138063
0.014799318481075132
0.014726386911857263
0.015157736959798381
0.014534804372250005
0.014789828460612244
0.015101949170713653
0.03270183178749633
0.014518005526316262
0.015144214923882808
0.014513563109132162
0.01477216906696272
0.014769812080114313
0.014767456225240571
0.01513155577897439
0.014762584748707515
0.014760232378154063
0.014757881135917304
0.015120428409913398
0.014753019705801803
0.014750671936357216
0.03513021370715813
0.014485297294816096
0.014739586633653426
0.014737244695108202
0.015267366009069213
0.014732349267834774
0.014730010804339288
0.014918361353666008
0.014678422247592393
0.014467810270805872
0.014464967879879128
0.014909379007751123
0.014460218815938211
0.014457381333029658
0.01471174848200191
0.015007061522626524
0.014707042850743604
0.015019252442287105
0.014445824686310265
0.015060945040257913
0.014628626217327264
0.015055321551067615
0.015051677511591015
0.014643104566557662
0.014688033713056003
0.014685716331449234
0.014683400050827498
0.015591217740300927
0.014678376895385424
0.034405511664967116
0.014416475598892985
0.0343613430724729
0.014661294716812285
0.014658988921095035
0.014656684217628469
0.014654380605559958
0.014605645510282527
0.027289902121293237
0.01464236689431254
0.014640070231269465
0.014637774653260887
0.014598922067130161
0.014633234057445344
0.01541477691157117
0.014628307136956585
0.014626017133058826
0.014623728209005786
0.03485815292021026
0.015408208392953036
0.01461244036732084
0.014610157304650524
0.033032414600450005
0.014786978321279367
0.01489397829067197
0.014781713209908915
0.014929814740658682
0.014355854783072775
0.014590430386383675
0.014350882928763551
0.01492097438621448
0.014520065269808735
0.014581326579908923
0.014579057647768297
0.014339700656470795
0.014336926453711133
0.014572475184257359
0.014533940480275422
0.014567993088549298
0.014901197470553138
0.014563322037203851
0.01485352245827164
0.01455866857705646
0.014848125046358959
0.03469233468890824
0.014547729372448552
0.014545475616784643
0.014543222913386344
0.03289135047661758
0.014716396177224476
0.014713602885890761
0.014530658403285202
0.03457870815927217
0.03399685442765487
0.014516065489087578
0.014691390244851388
0.01451153090525697
0.014509292428665933
0.014507054993077617
0.014504818597694062
0.014444673110797432
0.014500367121354373
0.014498133834837282
0.014787349097556114
0.014262401016422479
0.014259667517445443
0.014256935847852469
0.014487168024559172
0.014663134399899486
0.014774210608310905
0.014480303345096241
0.015332441023421533
0.014653150411758225
0.014473218571415397
0.014760284547836174
0.01446864767114939
0.014466429131590883
0.014464211617769394
0.014427306830562045
0.0144598243738667
0.01422783253823984
0.0144555008134829
0.014222988791293101
0.014451181334682124
0.014626485040990374
0.014446707181685173
0.014733308513300174
0.01444216144686889
0.01443995511485952
0.014437749799308043
0.034391883954082166
0.01420203619562367
0.01442730176058821
0.014425101724204381
0.014422902699661112
0.014420704686191239
0.014383432825654045
0.03432360597156318
0.014184497191246617
0.014879655189079776
0.014405773781941307
0.014178610600294822
0.03375667996450003
0.01439551783788541
0.014565093958249394
0.014562384889920958
0.01438885787855221
0.031993640648156636
0.014381258048235803
0.014551871134262487
0.03193526802313478
0.014371450277402022
0.014369273839593846
0.031875164051086625
0.033589878589065696
0.014649081529011626
0.014353513759522055
0.014117253056916227
0.01511408948255702
0.014346789808545332
0.014344623685286087
0.01467009148639097
0.014340154931155383
0.014337991843409845
0.01433582974047877
0.014659918720351049
0.034048383289104714
0.014647957250638043
0.014094911689910025
0.014321025931463246
0.014280330541811416
0.01431676179912794
0.015073076184899312
0.014312139622916708
0.014309988785173972
0.014307838923200008
0.014305690036264846
0.014303542123639297
0.014589317708105834
0.014775903794824716
0.014584090281267762
0.01429456892855787
0.014292426081441245
0.015033287051310577
0.014752103587117241
0.03173531626333805
0.014280210193398644
0.03339937083228635
0.014272256309446996
0.014556559582044644
0.014267864040237194
0.014265732363752476
0.014434110143238936
0.015002486212236318
0.01442855687691693
0.014256803311501538
0.014032103831744844
0.014252649763630604
0.014419895505245153
0.01402570709091874
0.01402310232858715
0.01424430352633741
0.014526940723046373
0.014239937647834459
0.014237818559811368
0.014012595360916862
0.014403440419055776
0.014231515166573658
0.0316003300610934
0.014395409324415695
0.014221993686795944
0.014219882198214474
0.014536018205873585
0.014215528459207438
0.014498629541998742
0.033260982880290293
0.014205439917721907
0.014203335382103607
0.014201231788339888
0.014199129135735575
0.01419702742359613
0.013970617769781498
0.01419292535391274
0.0141908264050369
0.014188728393899189
0.01396198168712065
0.014184633700478304
0.03319567247449869
0.013951760389328084
0.014174828009773294
0.014172736632779069
0.013945169496292622
0.014168655253069044
0.01416656661714189
0.013938588060223208
0.014162490755082064
0.014331635645577422
0.014158269180688923
0.013930307236413834
0.03139996042050426
0.031346705762037484
0.013910450206562336
0.014469109954918088
0.01431454415583198
0.03128931467325829
0.014088968000139288
0.013893929121501955
0.014128461569038566
0.014457030564667897
0.014884018394803926
0.033008872605591176
0.03297101052323304
0.014067839944957947
0.014108519067634783
0.014281896355758182
0.014104339607037747
0.01410227725437355
0.014275137735242938
0.014098103518619176
0.014096043921566105
0.03291396533893087
0.014088388118664604
0.014374688487667051
0.014041854643011213
0.014408106708002171
0.014079956822812462
0.01407790477745117
0.013843494265094961
0.014073903041951257
0.014071853653937925
0.01406980516832211
0.014067757584448247
0.014352931938333566
0.014063542638049268
0.014235350794943947
0.014059402678292837
0.01382578586238382
0.014055416655350247
0.014053375401399355
0.014337797645189715
0.014049173658884717
0.014047135159369145
0.014045097554345912
0.014043060843167457
0.014041025025186839
0.014324401655422767
0.01435932857104575
0.014034669873365492
0.014032637757635214
0.03280920734575064
0.01379542499971763
0.031017352990485997
0.014018133047425723
0.014016107278956283
0.014014082396017528
0.014012058397970756
0.014491679097057397
0.014007834724771575
0.013963987427867686
0.014177770615103726
0.01376990909146484
0.01399984482898385
0.013997827037508234
0.01376356444700661
0.013993892465374755
0.013991877258974168
0.013989862930508593
0.013945312194810227
0.013985879503511791
0.013751132746727138
0.013938829651906548
0.01397998796937282
0.014303417036186069
0.013975838709947641
0.0139738313431003
0.014145375545260198
0.013737679110796867
0.013967861647234226
0.013965857735690285
0.013963854693989782
0.014135163900895278
0.014283375815829847
0.013957669443281329
0.033209741188324905
0.013950080623615753
0.01390553891524387
0.013716837368231524
0.014229320044684215
0.013942118404348893
0.013940125193932633
0.013708893746784427
0.014256950790473148
0.013934117839428115
0.014205525427527689
0.013930095006090716
0.0314114396123152
0.01409268137516874
0.013921028911681364
0.013919044392504184
0.013917060729567048
0.014200879031952588
0.013912976772737909
0.013681725921448024
0.014194525524170344
0.014191862645667417
0.03356661630010639
0.013899279873543858
0.0140623215960615
0.014628950954595295
0.013893015413096782
0.030780804016410288
0.01388615389893386
0.032976748485934175
0.01419274315320268
0.014039946970410095
0.013874583426908017
0.013872617643726071
0.013870652703812276
0.01386868860656963
0.013866725351401668
0.014176892141228137
0.013640400282587015
0.01386080872328344
0.013858848846162654
0.013856889808131236
0.013854931608596252
0.014117137731494525
0.014013051289799986
0.01384897438584326
0.03067896582266452
0.013842174658328738
0.014003659320229539
0.01383822414796224
0.013836273522507091
0.013834323729728724
0.013832374769040433
0.014114834429453514
0.013783659054267773
0.013826457415967826
0.013824511813419881
0.014135849366351178
0.014132830312813262
0.013818431164509629
0.013593893633873201
0.013814640117682494
0.013812699560563413
0.013810759829031467
0.013808820922506895
0.013806882840410503
0.01411636114571841
0.01358089306704176
0.01380104200306864
0.013799107228298193
0.013797173275056855
0.013795240142768847
0.013955103965844476
0.013741563362247671
0.030576791136870646
0.013948145898901561
0.032767765371616395
0.014088816634596584
0.013730079644817508
0.03050265458817618
0.013542793741037997
0.013766717662042327
0.01405019038005299
0.01376275915760979
0.013713903507025949
0.030976284172902185
0.03264918040488798
0.013748751943586742
0.013907124597497485
0.01351973349967149
0.013903219776897912
0.013741099903373572
0.013739188447755747
0.01373727779793891
0.01373536795336227
0.013733458913465533
0.014045107914591569
0.013729520099364425
0.013727613532639956
0.013725707768311977
0.013723802805822938
0.013721898644615912
0.01371999528413444
0.013718092723822602
0.01371619096312506
0.03086516236412447
0.013709473563779476
0.013707575037690066
0.01370567730852124
0.013703780375720735
0.013477016788728707
0.013700080518501589
0.014012046921194708
0.013696169477930988
0.013644696402895305
0.013692426390320941
0.015138059849652915
0.013688097896060581
0.01384424072695568
0.03200818955011531
0.013630704515701338
0.013987502299662316
0.01367524886185261
0.013673364293577198
0.014397242781149731
0.013669316495112771
0.013667434429535205
0.01366555314958659
0.013443412549164986
0.013661882470658736
0.03242789187086539
0.013654754823888256
0.014372729479356519
0.013650724556437923
0.013602219061783494
0.013647016469875588
0.014358746342373377
0.013642997141120196
0.03277800581606564
0.013635819301871754
0.01393146663189524
0.013928578573690398
0.013629983498933662
0.01341730150924147
0.01377509191470498
0.01392017894680371
0.013584187335554727
0.013620599139156146
0.013618736559583362
0.013571940624299799
0.0318400540881605
0.013888619217800973
0.013902578056903047
0.013396674912320529
0.013882125519051887
0.013602270346082137
0.013600414970900494
0.013389260001287037
0.013596791547988787
0.013594938430870038
0.013741263067159969
0.013591193817654059
0.03178101485346988
0.013584267347790707
0.013582419001858538
0.013873762658189652
0.01385496623911917
0.013576655008232566
0.013574809824207413
0.013572965400947044
0.013571121737933496
0.013569278834649291
0.01356743669057741
0.013565595305201345
0.03214686270844998
0.013833774255248687
0.013701701840217443
0.013554796687050227
0.013552960108792582
0.01355112428555074
0.01354928921681208
0.01369198746579998
0.013819741579514558
0.03167001737115267
0.013538612762921192
0.013494534038934929
0.013534990951084938
0.033648942299691516
0.01379866550823451
0.03158816916547529
0.013662306854873286
0.013799516477851284
0.013516831902725407
0.013316853814123737
0.013513268559536265
0.013312854561169565
0.013509708203449626
0.013507888884849372
0.01350607030990028
0.013504252478100304
0.01350243538894786
0.013500619041941839
0.013768590100316221
0.01377674511558663
0.0134949603285157
0.01329559980070076
0.013458550635577934
0.0334932974116548
0.013484069066636347
0.01344500637060733
0.013442931265091778
0.01344775015700272
0.013476916287014825
0.013475109906576145
0.01327854629688634
0.014250975843275004
0.013469483962682006
0.013607267718648154
0.013271811788475241
0.013464117039906154
0.013267852364925696
0.013460593851883007
0.013724685152515478
0.02989684957446553
0.013452392038886369
0.013253037708347884
0.013448878528243046
0.03028264386897734
0.01371156171179144
0.013440617716300526
0.013707283377052118
0.013716594367718566
0.013435031256930022
0.029798808648942028
0.013428776045161522
0.014103554136961394
0.013424946450470746
0.01342316015393656
0.014094718178153744
0.013698638185252339
0.013417446284542136
0.013415663048743134
0.013413880532732514
0.013678264225847501
0.01341021377518596
0.013408433468104808
0.029744306810602566
0.03327282148517177
0.013661577129073168
0.03124300951294277
0.013530981331857683
0.01338822384637379
0.013386451262532373
0.01338467939167588
0.013658048220057284
0.013381033525858198
0.013184724154540898
0.013377572307185436
0.013639336006870598
0.013373933956610096
0.013776829449441332
0.013370296426010167
0.013331509749357363
0.013640315783700003
0.013364933819317184
0.013363170601458954
0.01336140809036832
0.01335964628557721
0.01335788518661806
0.013495105576417766
0.013616490253408888
0.013316055612287747
0.013350743864864992
0.013348986332266548
0.013347229502674054
0.013153134782016658
0.013311856297672089
0.013614250728367083
0.01334019107206056
0.013338437760446091
0.013336685149048422
0.03114498863100487
0.031111750454523395
0.01329344916430446
0.013131325610060229
0.029535716268810606
0.01331755843337871
0.013315813071589362
0.013118420502235606
0.013453376310110437
0.013310620672558055
0.013308878065842876
0.013569866777623537
0.013305293836140774
0.01356571670615725
0.013301712728337262
0.013574010483326055
0.013298132748634166
0.01325935454598054
0.031420412041326784
0.013427991575888807
0.013288086561382643
0.013286352560134473
0.0309789179377514
0.013087888698381721
0.013278219003390608
0.01327648854468551
0.013274758771637012
0.030938030581462286
0.013268300224170748
0.013266573331928558
0.013072744136440653
0.013263196866801892
0.013261471986709548
0.030895245275468178
0.0135260156497202
0.013390816586969863
0.013251454090439966
0.013249733499532375
0.013248013588014716
0.013515815740429836
0.01351318052091841
0.013242657609458273
0.013625179064608082
0.013632857077144357
0.013372229145763264
0.013199615745428024
0.013233847455178329
0.013232133824959535
0.013230420869590817
0.01349417892432488
0.013191140666395462
0.013483450564299167
0.013223412016501686
0.030823721999854455
0.013217021832165816
0.01334930692853622
0.013213572867767706
0.013211866866927737
0.01321016153606553
0.01320845687474628
0.01347026526037965
0.01320495178520858
0.013203249176529123
0.013201547235623754
0.013014369782879147
0.013012272244920842
0.029682600550636422
0.013004404946320963
0.013190638181354387
0.013188940835828873
0.01318724415475937
0.013185548137715965
0.01318385278426917
0.01331589546439151
0.013445405340305742
0.013178638126884547
0.013176945483220145
0.012988325629221977
0.01343818522670143
0.01317184645151297
0.013170156462223897
0.013168467132634507
0.013166778462319164
0.03477736554012136
0.013159260119403897
0.013157574596145385
0.013123645159438242
0.01328462527975695
0.013152519870741479
0.031009083485652553
0.013146163090882321
0.013397745968180828
0.013142708653518579
0.01350060564711828
0.013266287895548285
0.01313751981583747
0.013135842410668468
0.013384891568345457
0.03060754742827339
0.0129521179656837
0.013253077248449823
0.013251021547812838
0.013091265203679635
0.013121145871437217
0.01294381742437741
0.01311787214301035
0.013116202007681762
0.013705397091607159
0.01311265011371914
0.013110982018765767
0.013109314569723248
0.013356272293019047
0.013718504506927976
0.013104002717072821
0.01310233799552488
0.013348596472937227
0.01309891740054932
0.013097254654169523
0.02949587513193835
0.013091346145509742
0.013701524660079518
0.012915194370750248
0.013332884489268934
0.013054105794856162
0.013330850098654408
0.0130810882280447
0.01307943207121297
0.01380470884420023
0.01368153335950406
0.01304517676201958
0.029078082387236557
0.013068207756216293
0.01331350129031629
0.01306481508792161
0.013032951238268756
0.01318653354570653
0.013059864922223522
0.013058216660700735
0.013056569032560042
0.013054922037399089
0.013022905045521862
0.013051660009419706
0.013050014892922342
0.013295219808787355
0.013016384023105197
0.012872520670556515
0.012870487379689082
0.013010855732257708
0.013040258881246429
0.013007355062525646
0.013037008186006395
0.030419632888472405
0.013030859686373887
0.013029222185604086
0.01302758531148985
0.013272614766368013
0.012993146371222003
0.013022618840859975
0.013267871580040481
0.013019259243137942
0.03215820664188149
0.02893983304856341
0.013253065795644704
0.012976557371778255
0.013250782357438842
0.013003499934908649
0.01324691453437938
0.013000154470225962
0.013241546741586657
0.012996814106437127
0.012995188970377212
0.012993564453318864
0.012991940554872265
0.012820466511214186
0.01295915169124982
0.01323144820526108
0.012985455285799254
0.012983834469624908
0.012982214269735238
0.012980594685742801
0.012978975717260508
0.012977357363901628
0.012975739625279696
0.012974122501008649
0.012972505990702744
0.012801177733128263
0.01321277106088621
0.012938426991061016
0.013563952265848948
0.0320165327771372
0.012959300994904754
0.012957689757049702
0.012790752192841943
0.012954532471218156
0.01295292303341311
0.012951314204839777
0.01292263503273834
0.01294812657085121
0.012946519551033738
0.012944913138938006
0.012777614607232802
0.013062969009314898
0.012940130630957178
0.012938526627215572
0.01277119695084382
0.01349506180143889
0.013169163944424325
0.013170888564130146
0.03190860567918247
0.012925326959155355
0.013153794759559228
0.01292204705073985
0.012920449543935779
0.013036553443344121
0.012917227258924201
0.03014224268293326
0.012911235332545278
0.013026943644086329
0.012883967064188968
0.012906453905672105
0.01274587198778484
0.013132275390004278
0.013018499170606476
0.013016551365575479
0.01274021442996763
0.01301331966183602
0.012895275726446723
0.012735392482167684
0.013127772637610849
0.013006806825054505
0.012888874090885018
0.012887288723796875
0.01288570395110908
0.01288411977245309
0.028742718473551643
0.012878519146917726
0.012716253739011136
0.012849539253263785
0.03004401281533612
0.030013364926140828
0.012865159218303761
0.012863581797586012
0.012862004966577127
0.012699336132621943
0.012976681682814656
0.01308807051848105
0.012855653221158394
0.012854079352864574
0.012691979698456165
0.013081395143463041
0.013079018297218458
0.012847686437337929
0.012846115549562937
0.012844545247459873
0.012842975530667619
0.01284140639882536
0.012839837851572583
0.012838269888549109
0.012836702509395035
0.01340746065535339
0.013060639198367918
0.01283172291580235
0.012805855532762095
0.012828620095231676
0.013053711652388732
0.02993601329638645
0.012663806418825137
0.012819597500006953
0.01281803677198264
0.012816476623445937
0.013163220775062916
0.012928273864745725
0.012787313987486091
0.012810157220226406
0.01303390872516072
0.028900504850028295
0.03014673051767091
0.012642587649818479
0.012797130833599419
0.012795577832974959
0.01279402540724728
0.013017061338134787
0.012903276267127872
0.012789264775617412
0.012787714691655684
0.01278616518080388
0.012784616242711527
0.012783067877028426
0.012756078597785504
0.012779999285763018
0.029807461233185867
0.01277418757272382
0.012772642746800983
0.013004872938522167
0.012614566697243824
0.012767986177467574
0.01276644364135422
0.012764901673815858
0.012763360274505874
0.012995126987989719
0.012760195626699377
0.030294144475260982
0.012729246873074564
0.02998117835187919
0.012748543713902522
0.02969621728700416
0.012742780989101305
0.029907652067040956
0.012969658237312318
0.012735380151647874
0.012733848402620445
0.012732317215890195
0.012582526744020932
0.012729312506789202
0.012727782979154379
0.012941469121919314
0.012724649638153496
0.012698401996603624
0.012573433380922105
0.012935313791277511
0.01293301907434721
0.012716946282667972
0.012710629546546502
0.0127138967358382
0.012817326180249264
0.01271082474254216
0.012709301995222713
0.012707779804742952
0.01255911708645286
0.029596984297512084
0.01270060446130136
0.0126990851466644
0.012928467247197914
0.012695966204439113
0.012670187508119518
0.012797674945433586
0.01269141577249607
0.012542954800070179
0.02955298828386811
0.01289772322883148
0.01268267929694005
0.012656793909171881
0.012910129473061551
0.012678085535990084
0.02825687293513638
0.0126727385609328
0.02948586436060088
0.01266707935202684
0.012665571398596117
0.012769698435019173
0.012662532219279966
0.012876006825427581
0.012659445054994943
0.02968310895140606
0.012507163591489269
0.012865236722698351
0.01265074593437835
0.01287963581999566
0.012859453629297104
0.01287568009957398
0.01264450397278772
0.01249782879196949
0.01264155869420607
0.01264005973124645
0.01249304653589106
0.028144891979949148
0.0296083789204905
0.012629179092148685
0.012480617104248094
0.01262624418257167
0.012624750193414165
0.012623256744266691
0.012725119618306463
0.01261617023086634
0.012614406196491767
0.012617263694341137
0.012828867645788155
0.01261420875274925
0.012842848805250605
0.012464656604486953
0.012609715172748089
0.012820619344923522
0.012606666005217971
0.012605179098891604
0.012578457126856854
0.012602231996926547
0.012600746682793295
0.012828717691545222
0.028050949135933523
0.012593934351396368
0.029514833836981363
0.012588346525183638
0.012799383042419246
0.027990025000706135
0.029217953271361705
0.012792358266536947
0.027923172313595007
0.03214226392875144
0.012764264430412666
0.012562837076712059
0.012561364648420403
0.012559892747561871
0.01277196585629243
0.01255687567895907
0.012418377362487723
0.012416537977757719
0.012552568319748603
0.012551099564841933
0.012549631335193063
0.01254816363049112
0.012651943951707113
0.012545205211538093
0.027938253641283915
0.012540018604844072
0.012740510444141612
0.012537020426926587
0.012518966393874304
0.012534116021454452
0.012532653599793478
0.012391669930990999
0.012635987243427436
0.012528296017725824
0.012526835666009931
0.01252537583465018
0.012523916523339724
0.012382964775680527
0.012521050766427975
0.012379725303369626
0.012518187114779299
0.012516730353227833
0.012717299153588216
0.012513749017041066
0.012372684546967192
0.012510890411982384
0.012509436246024056
0.012614106109136896
0.01250650470841346
0.012487896251556102
0.012705124756337942
0.012502101257831622
0.012500650213710043
0.012360009399195229
0.01271175254906251
0.012496276976456644
0.012695612528636173
0.012493310793278277
0.012491862874377032
0.012490415468520357
0.012488968575407364
0.02814132563082225
0.02926528499124197
0.012479784808361394
0.012340028228253433
0.012677003852996969
0.012457572927316923
0.012474017330879229
0.012472575704481842
0.012471134587567836
0.012469693979839188
0.012468253880998119
0.029446364202976204
0.01267676267787886
0.012461279122541424
0.012459841724716777
0.012458404833964687
0.012456968449989073
0.012455532572494089
0.012454097201184134
0.012452662335763844
0.012551555943067269
0.012449771140694964
0.01264332942146169
0.012546577400475193
0.012445383321634432
0.012947012690000424
0.01244235282849914
0.012440922116268745
0.012439491907206439
0.01264974995956642
0.0124365602690303
0.012302833548958133
0.012433751876370957
0.012625100876180288
0.012642003622975748
0.012640640682793755
0.01242787631341801
0.012294681952471328
0.012636102799894558
0.02889658158971776
0.012419650367350503
0.012418227369657588
0.012515647648206465
0.012625794908698255
0.012413866800293936
0.012412445835229772
0.012621914848491112
0.01250778647615652
0.012408133926523075
0.012406714963406494
0.012404098106723306
0.01240387755735484
0.01240246008390929
0.012270185227863701
0.012399674350224862
0.012267032846097047
0.012396890627545513
0.012493985311781407
0.028727653949086152
0.012373908214572106
0.012255840142007276
0.012387383759501073
0.012596348193894841
0.012384488577093792
0.012250134914448051
0.01238171525417644
0.012380305235294164
0.012378895707712145
0.012587462646015388
0.012376006677442666
0.012567304201853596
0.012240754649715918
0.012564288432409042
0.012370295518422373
0.012368889488074013
0.0123674839467223
0.012366078894085726
0.012232582057027491
0.01223082481514073
0.012462059847573476
0.012360536297685604
0.012359133650191501
0.012357731489751396
0.01235632981608529
0.012354928628913455
0.012337411519962897
0.012352148277739818
0.012218158257538074
0.01234939701176716
0.012347998220524055
0.030224691151158452
0.012342360488797055
0.012831214553103239
0.012545822662893934
0.012525329337720685
0.01233648328019736
0.012540730480333563
0.012320162805742822
0.012332251066051458
0.012317175094763946
0.0123294850517609
0.012200031414208168
0.012326747465726326
0.012196933002801221
0.027560199876507704
0.012320443622313628
0.02779757341438459
0.012315455375208595
0.01241328627934447
0.012180386571613428
0.012311318283920835
0.01240906679059871
0.01230852360489539
0.01249858817328111
0.012404256030079273
0.028640791810655705
0.012398717315081036
0.012167813019863204
0.012297713894980975
0.012296331937728108
0.0122949504559222
0.012293569449292397
0.012292188917568106
0.012273939488241757
0.012272344413172875
0.012288090957929671
0.012286712300570142
0.02859527842223845
0.01228152243003408
0.012280145772928786
0.012278769588315896
0.012728202516639664
0.01227587215267758
0.0285595937738214
0.012270697463701902
0.012366672084768476
0.012266131331707094
0.01226655678182975
0.012754888235667406
0.028523981463118717
0.012259866773627297
0.0122584970550381
0.012257127805108814
0.027617070219262633
0.01225221928632946
0.012250851948148579
0.012119009039545003
0.012248164960985186
0.012246799004166972
0.012245433513933137
0.012244068490019808
0.012242703932163267
0.012448753477880822
0.028452524283164058
0.012236142816981465
0.028423834206450862
0.012419692863226403
0.012229601677001763
0.012228241563198228
0.028391939750513327
0.012223135602685032
0.012428103445416172
0.012407885433304575
0.01221893210789582
0.012313929989985307
0.012216197678814373
0.01221484188931526
0.012213486560821286
0.01219610811714925
0.02835040964667832
0.01220706521376475
0.012392256875954239
0.028320313863250256
0.012200575511037249
0.012071257011883411
0.012403127053198952
0.01267988566942922
0.012194996467664832
0.012193647397143122
0.01219229878395299
0.012190950627837668
0.012189602928540594
0.012188255685805418
0.012186908899375968
0.012058545209758874
0.012184261513043032
0.012181693266961311
0.012181570262395235
0.012365381141591065
0.012178820879404076
0.012177477287380384
0.012176134149615405
0.012174791465854753
0.012173449235844297
0.012172107459330062
0.012170766136058275
0.012353659822554717
0.012168024444095513
0.012152036779129776
0.012165364034829483
0.012366871020951154
0.012162619553198532
0.012160291661719762
0.012159942899069097
0.012636196534972442
0.012252278683255383
0.012357335919322159
0.012029483060873857
0.012153065722902418
0.012334038655516966
0.012150336751444944
0.012149002794108075
0.012134075137235956
0.012021517181902633
0.01214506606614616
0.02822620363279764
0.012140051282159397
0.012138720533654971
0.012137390232286426
0.012011017819251901
0.01213477480777356
0.012133445827717457
0.012333252946780346
0.012130723240531537
0.012129395626178277
0.012003057505633212
0.012222028288954157
0.012000300482544045
0.012306608983365734
0.012217690673305371
0.01199665630023147
0.012120144581116562
0.012592553550377599
0.011993022742021983
0.012116066968006323
0.012114744265666636
0.02816794730039532
0.012109761985347758
0.012108441153109516
0.011982593330104084
0.012105844255080721
0.012104524728803547
0.01230329971019536
0.012101821676917682
0.012100503500378541
0.0120991857640505
0.012097868467690044
0.012096551611053845
0.011970842132875295
0.01196919341752228
0.01207877038786375
0.02726679064327097
0.012087978999105272
0.012086665208017999
0.026962456389778486
0.012267942404734444
0.012080613218048706
0.011950974146570386
0.012078034781168786
0.012076724084669236
0.0120754138243506
0.012074103999972458
0.012072794611294534
0.012071485658076753
0.012070177140079222
0.012068869057062226
0.02805115799122592
0.026883361004362335
0.012060598272171435
0.012059292919596239
0.012057988000358198
0.012056683514219022
0.012152851467082103
0.012054054382539859
0.011922396737654798
0.01192076922037017
0.012050235310867938
0.012048933388017224
0.01204763189662206
0.012046330836445575
0.012045030207251084
0.012246904641316147
0.012042364745617175
0.012041065435318075
0.012039766555038836
0.012135941028958123
0.011906853822257969
0.011905233086105065
0.02797006744475054
0.027944019169898148
0.01223036051915434
0.012213863938645455
0.012211937616885616
0.012006302119789944
0.012022124285996163
0.012020831204566944
0.012002255983675875
0.01222045232790961
0.01201690838338748
0.012015617024481775
0.012014326091343527
0.0270380697119054
0.01210659123033566
0.012211356266786808
0.012007028640974212
0.012102360508904678
0.01198630979987925
0.012003162785212513
0.02786806184123062
0.011998317108849084
0.012199612375796852
0.012182231662828981
0.011994337338201941
0.012178990480156493
0.011991710018007114
0.01219192486196436
0.01198907902546949
0.011987796402121775
0.012187573428887837
0.012080884373142928
0.012168187566280197
0.011982526580137142
0.011981246116882945
0.01216363351129605
0.011978628193955634
0.011977349013335291
0.012070970891070293
0.01197477127803643
0.01217325255832477
0.012268785803599067
0.027809690553279198
0.028005131489296273
0.011963718163252417
0.011962443414929625
0.011961169083517215
0.012140027275647636
0.012138138103471547
0.029289863255067203
0.011953372733510492
0.011952101127065769
0.011950829935879948
0.0119495591597283
0.011829242447739193
0.011827649321263331
0.011945830834931555
0.012141477639778093
0.01194323028849252
0.011941961990019326
0.01194069410501683
0.0119394266332617
0.011938159574530725
0.011817572634396787
0.011938030572878828
0.012348678317515772
0.011933006233382682
0.011931741272177753
0.011930476722639652
0.01192921258454644
0.0118092007967989
0.011926726005405818
0.011925463083648469
0.01192420057245988
0.011922938471618873
0.01180269596339722
0.011801114262461887
0.011919235630995261
0.011903823956845071
0.011916732425325203
0.01191547273949309
0.011914213462491836
0.012002543584602737
0.011792167141984215
0.027866398254294964
0.011906949679592292
0.011905692940294949
0.011904436608293897
0.027642006600631104
0.011899701673448865
0.012071235566187586
0.011897138375087832
0.011777976915425972
0.015045623028858283
0.01189251571004339
0.01189126347331883
0.01197802976329732
0.011888741557768999
0.012057030586210079
0.011886186460720753
0.011884936273578174
0.011887483209521715
0.011882435117560678
0.011881186142634455
0.011764485485820935
0.011878728592023274
0.011965333498819574
0.011760671124354635
0.011875007046438566
0.012043205013320044
0.011872460979832643
0.011871215219220558
0.012316778280238585
0.011868588309959049
0.012035240567652608
0.011751927649580201
0.012032588920498152
0.011863545894217379
0.012052940299871969
0.011861000580341558
0.011859758529909606
0.01204873725665543
0.01185721582060614
0.011742584826112496
0.012422925550359955
0.011853364607902973
0.011939235496522675
0.011850867477579715
0.011849628697461907
0.011852440614935717
0.011847150302057451
0.011845912715862585
0.011834426644259103
0.012040656138237165
0.011842190980588519
0.011840954978665982
0.01183971937298133
0.011725419653776593
0.011837287569962007
0.011836053136174933
0.011834819097794054
0.011833585454609432
0.011832352206411368
0.011831119352990234
0.011829886894136617
0.011828654829641235
0.011816697424450651
0.012015460600074147
0.011824917730570253
0.011710619412809308
0.011822495273954394
0.011810416380359434
0.01182005215612951
0.011818823230683681
0.011904464318917606
0.01198238541453578
0.011815068776741136
0.011813841446114906
0.011812614507131945
0.011800641526057695
0.011810177612335276
0.01180895183871925
0.01189402902660211
0.01180648337790111
0.011805258781679574
0.011804034575657893
0.01199136535200129
0.011801528627525395
0.027498240483686275
0.011684680909977091
0.01198401787174223
0.011982420519919327
0.011879321508760018
0.011680070654194142
0.012352457230502394
0.011789339291755734
0.011792171076574081
0.011786899031248192
0.011785680474582177
0.011870759114527679
0.01197911484861382
0.011771825064227796
0.011669112497802933
0.011667584509570715
0.011778422531352358
0.011964799301153852
0.011663842819172638
0.011774755373945053
0.01166113232638392
0.026390864384168888
0.011654176344782736
0.01165265511874195
0.011766857141795574
0.012207945758186829
0.01176429991808365
0.012203585976717094
0.011647508758216948
0.011927595770375464
0.011761668969632863
0.01175809856225078
0.01192352910340546
0.011641808087065705
0.011640291752570284
0.011753286578675918
0.011752078473338297
0.011750870749607577
0.011749663407283948
0.011748456446167774
0.011735911055967494
0.011746059239663546
0.011733322741508383
0.011831395910425578
0.01182993138134641
0.011741217174989492
0.01217814157119331
0.011738677938689964
0.012173818139134988
0.027381236730498314
0.011732767852041016
0.011917809628571885
0.02630071635967901
0.011727180281620482
0.011714357317601915
0.011724795678401487
0.027326334615079353
0.011721885624785378
0.011807107294699986
0.027298686215295725
0.011714472757481874
0.02620865181509749
0.012151935427403454
0.011708845747418607
0.011591513931053744
0.02745181184996772
0.011790733184976225
0.01170192265604121
0.01188841755381796
0.011701453354212434
0.011583392217367504
0.027214021751384362
0.011681330489906844
0.027097331866250643
0.011689312764866597
0.01157159243302246
0.011686971917256088
0.011672967657561177
0.011684610227208923
0.01168342210436561
0.011682234353050646
0.011681046973071412
0.011962017975035199
0.011562169377453541
0.011677467064458954
0.027147917995143708
0.011672975460807018
0.01167179076769352
0.012229353513243725
0.01155309659184511
0.011668115994007659
0.011666932825547465
0.011665750026090774
0.01166456759544681
0.011663385533424874
0.011849103574204507
0.011660965726878568
0.011659784791955266
0.011542550781341867
0.011657461626350875
0.011842907797378111
0.011655045652946568
0.011653866562859182
0.011640340258301568
0.011651524828877562
0.011650346831096977
0.011533005058763765
0.011834513614440505
0.01164679605405788
0.011645619527924422
0.01164444336736422
0.011527096102669807
0.026011732546353424
0.011639085623326051
0.011519243029174075
0.01172733740100472
0.011516803437193981
0.01162038010675707
0.011633290598147284
0.011617864961830099
0.011630961607415283
0.027504098895834685
0.0115094360879258
0.011813402864664688
0.01162410119578225
0.011622931309840628
0.01160741134560686
0.02702252174330472
0.011617345161696397
0.011616177165882539
0.011783961790429755
0.011613791593138701
0.011612624700099595
0.011494817519379174
0.026989997347186268
0.01160707603301254
0.011605911015104938
0.01169260555014315
0.011603563910153613
0.011485768156221035
0.011788735596920619
0.011768453659765405
0.011482542843824134
0.011765972736474397
0.011480303710461529
0.011595378660149803
0.01159421725449817
0.011593056206825728
0.011591895516949516
0.011576569439671206
0.011589590678417791
0.011588431053110217
0.01158727178487352
0.01167369740131697
0.011584936271770364
0.01156947489179452
0.011582635705404876
0.011582242700176354
0.02714013420360191
0.011577063049875005
0.0258446999733131
0.011455476305150111
0.011571797009488505
0.011452906980280137
0.011569525645185996
0.011568371804999814
0.011567218319014696
0.011653716281476477
0.011447138031329311
0.02687578729938075
0.011560563138382171
0.011441390886584359
0.011558298255494346
0.011745355990662943
0.011555941385570628
0.0115547915162586
0.0115536419991682
0.026842295736121253
0.011549286894239156
0.011548138869876145
0.011634637734172367
0.01154582588200657
0.011544678916483057
0.011543532301746385
0.01198159169015809
0.011424185645188342
0.026057533975575274
0.011534827022498684
0.011532893991723945
0.011532539721301877
0.01161987865827408
0.011420853039198651
0.011529128986391779
0.011702979136574452
0.011526793509198684
0.011700312682750142
0.011524459575131017
0.011523319216975237
0.011522179206228006
0.011411925374334147
0.012043412824396886
0.011676448991851135
0.026028598340676425
0.011514466925988774
0.011671782312312043
0.011670113010115682
0.011510961751036978
0.01159766662753613
0.011508671271543165
0.026750908391024817
0.01150436131035812
0.011502837746017038
0.011502091786667916
0.011500957882537034
0.011492882033075531
0.011498704206015316
0.011585269431939016
0.011489296749529304
0.01149530178406279
0.011494169934659086
0.011493038428445283
0.011491907265248786
0.011490776444897126
0.01148964596721799
0.011488515832039133
0.01148738603918847
0.011486256588494025
0.011485127479783941
0.011483998712886483
0.01137458519230377
0.011481776484119426
0.01148064872846795
0.01147952131395089
0.011478394240397078
0.011477267507635528
0.011468852730875426
0.011475028120329106
0.01147390240229143
0.011465320147645237
0.011559017641311412
0.011470522544074794
0.011360906695966374
0.01146830839093007
0.011459389711154495
0.011466074472957876
0.011464951450032342
0.011354942948978557
0.01162049409849284
0.011635428607184186
0.011460399422939487
0.01161625282099105
0.011458111059462595
0.011456990445365597
0.01145587016882901
0.011454440290766482
0.011626724381535034
0.011452459688259609
0.011624111154648734
0.011622657406549278
0.026873847137092555
0.011600216895427734
0.011444675507051172
0.011443558765816871
0.011442442360241407
0.011335483900234273
0.011440243931302942
0.011524857635859387
0.011523502536880796
0.011331144670226336
0.011329745506516569
0.01152032424664005
0.011587662649776674
0.011432412624446872
0.01151647491778417
0.01143016961568521
0.027866069367895006
0.011425655996629291
0.011642193930582972
0.025849762224358065
0.026567695029264333
0.011417328843455853
0.011499276497316508
0.011408796942790587
0.01131077664856346
0.011412922874164445
0.01141181509075021
0.011410707638654136
0.011409600517711888
0.011408493727759188
0.011558192277281882
0.011303230751083039
0.011488046857523436
0.026528456752439217
0.011400942082977318
0.02650399693736843
0.011396744299711157
0.011545944655027448
0.011544331647190412
0.011475535548803392
0.011392228984598905
0.011391127024785144
0.011785040289348134
0.011537124761900802
0.011387667716129203
0.01138656712684703
0.025498668624804034
0.011382593438613203
0.01155189037944697
0.011380345619433277
0.011529049721841097
0.01127582457270777
0.011377039371659814
0.01137594178326598
0.026626792767042568
0.011453052358986998
0.011540466126272854
0.026411491931911175
0.011366427268478379
0.026387290143581828
0.011362272321895796
0.011361178586745818
0.011360085176174105
0.011358992090020868
0.011357899328126404
0.011526044999639723
0.011355665627543782
0.011254050420633072
0.011353513950818059
0.011251611348944441
0.011345390128654693
0.011350285259930449
0.026531920370441872
0.011346127929560261
0.011345038797176056
0.02763737233298065
0.011244254046218174
0.02629770224770833
0.011331512510387954
0.011478360034459324
0.011334346978049631
0.01133326095858177
0.011499862821544641
0.01133104133438243
0.011233809182393861
0.026265873228799943
0.011325876264009367
0.026241993361686814
0.011321772850894696
0.011320690193891139
0.011319607856206317
0.011318525837683953
0.011312576095849335
0.01131637452804028
0.011310250110468413
0.011481769934349724
0.011313095720525296
0.011215685052411056
0.011310966104698061
0.011213268821715857
0.01130883778965343
0.025268864745725702
0.011304950466266062
0.011382553799794559
0.01130277961208478
0.011202997093613257
0.011201641351950875
0.01146841334877248
0.011199374701558906
0.02617281287096513
0.011294442083163055
0.011372290572633488
0.026318182744776306
0.011289268294355887
0.011288194680007312
0.011364607762475266
0.011627177069432301
0.011284864737425376
0.011426505165109567
0.011282679275865131
0.01128160760328698
0.011280536244769343
0.011356074415427332
0.011278379571329674
0.011181022164912771
0.011276269098403291
0.011275199300892843
0.011268083300289913
0.011273072498514603
0.011272003634125666
0.01127093508243465
0.011173240958263444
0.011436555199523732
0.011267713381608792
0.011343279035573148
0.011265564216759866
0.011264497548862369
0.011263431192596787
0.011262365147812045
0.01126129941435715
0.011511653273360954
0.026244361931936203
0.011256135473729098
0.011435802806392961
0.011253983482546494
0.0112529200217812
0.02606232805682958
0.01115412667341566
0.011322491579183486
0.011246783941621702
0.011245722406716814
0.011149831362375495
0.01124362975188624
0.011242569133190397
0.011241508823268173
0.011240448821970369
0.011239389129147908
0.011238329744651807
0.01123727066833318
0.01123621190004326
0.011235153439633362
0.011234095286954909
0.011138137226858181
0.011399160424194747
0.011230904593730408
0.011229847677063054
0.011228791067382072
0.011302336717588951
0.011226664419401332
0.011225608733834215
0.01122455335466043
0.026156688203894895
0.011220540067953469
0.011219485990410578
0.011218432218519375
0.011217378752132759
0.011216325591103748
0.011208998984352124
0.011214231823095812
0.011213179571557926
0.027115743755132052
0.011208947051538415
0.011207896148121111
0.011206845548865273
0.01120579525362479
0.01136966394005217
0.011368303001477273
0.011202552882202762
0.011201503835818818
0.011195715952750937
0.01127114529256044
0.01126987823351468
0.02505026287190764
0.01119455640652178
0.011193509512835428
0.011329407564730585
0.011356591037650448
0.011190284988241699
0.011189239333904652
0.011324401262610083
0.011187110124445687
0.025909090768707045
0.011183149260778142
0.011090878671890177
0.011181090293039505
0.011552946513549113
0.011178901740995173
0.011249730443075543
0.011176803339438005
0.01117576141261083
0.011174719785700683
0.01117367845856425
0.011167669408114384
0.011183502633943814
0.01117056393232347
0.011360218817687265
0.011168435734953668
0.01107710601709856
0.01107579418639877
0.011165373993307144
0.01153543036045761
0.011163195257061399
0.011233621349947305
0.011161106008062614
0.011160068596873643
0.01115903148344647
0.011157994667639245
0.011156958149310196
0.01115592192831766
0.011154886004520042
0.011153850377775883
0.011152815047943788
0.01131484366609431
0.011061042411867908
0.011312641799014943
0.011148612938494954
0.026954462406446205
0.01127545964387442
0.011143379850680639
0.01130331231686505
0.011141269983054031
0.011300909521097625
0.011139161421469665
0.011138130134705342
0.011137099142819136
0.01113606844567109
0.011148329549702315
0.011134004158591351
0.011130403517304096
0.01126217084375859
0.011200652638996588
0.02592471619542595
0.01112695916944963
0.011125931207085965
0.011039868967461387
0.01112121063836437
0.01112001637109744
0.011121869526034826
0.011189347604145758
0.01111980400299382
0.024913796868316528
0.011116085451322187
0.011115060432073543
0.011026707667040885
0.011113038183441093
0.011112014029832012
0.011110990167785516
0.01110996659716379
0.011270304979106537
0.025864483960086084
0.0111050050015952
0.01110398297640216
0.011102961241795767
0.011101939797638821
0.01110091864379426
0.011099897780125123
0.01109887720649451
0.011097856922765631
0.011226156944303685
0.011095780767750116
0.011009057330592565
0.011093768675933289
0.011092749842964237
0.011005774055012792
0.011090739504386772
0.011219140458625538
0.011156808080889143
0.011001956959565028
0.025698374952951082
0.01108379797795643
0.011082781811062564
0.011081765932025874
0.011080750340711003
0.011079735036982648
0.011074879031584382
0.011437673691782188
0.011076603922824342
0.011075589797311132
0.011074575958694294
0.011073562406839085
0.011072549141610852
0.01107153616287502
0.011070523470497112
0.01106951106434275
0.025658429268650813
0.01113341686006958
0.01106463902930232
0.011191540179045823
0.010977927524662399
0.011058106191155345
0.01118855725432757
0.011219018161426201
0.010973966471545605
0.024772703656324287
0.011054864168191876
0.011067616522842612
0.01104843809331664
0.01105184682221509
0.011050839382560447
0.01096284582089495
0.011209428986149536
0.011047800970537093
0.026684477476869143
0.011043748360646196
0.025573265484696767
0.011167279161141694
0.011038890011862038
0.011037885897241709
0.01103688206494781
0.01103587851484852
0.01095061583661802
0.011033898004232465
0.011032895290602305
0.011031892858645446
0.01103089070823051
0.011029888839226206
0.011028887251501328
0.02565193982180477
0.011025077443182704
0.011039779520421542
0.025622296861978422
0.011178540548111028
0.010936986746373565
0.011176415335930494
0.011017212651362887
0.011016214314076468
0.025487229088875372
0.011012426887052042
0.025464956165153527
0.01100864560715342
0.011132055507612884
0.011179670141461312
0.011005580271749206
0.010923276614993751
0.01100361469303596
0.011002619856676494
0.010920067300933058
0.011000655966398787
0.010999661955004899
0.010916860937837287
0.02543071199794509
0.010994925708933435
0.01099393314316016
0.011343363151320925
0.010991855235703233
0.010990863533395564
0.010989872107783114
0.01114569268466298
0.010987847234531676
0.010905659251709107
0.011459302143561917
0.010984779011233702
0.01113990371530368
0.010982757210387354
0.01110443835229603
0.0110457311352643
0.011044539197893246
0.010978744617074744
0.010977756583137818
0.010976768824193989
0.01097578134011618
0.010974794130777371
0.01089376508202409
0.01103756019107299
0.011036371072830333
0.010970849019071709
0.024561700312758422
0.010967272872759292
0.011031618448813164
0.01108878993264195
0.011029230966336689
0.011310775036536134
0.011026785691108399
0.010961205234195453
0.011306110609859577
0.011114314297030595
0.011079258458243613
0.010957106096688854
0.011076833700897067
0.01129771939890221
0.010954036004010787
0.01095305471791109
0.010952073703710976
0.010951092961285297
0.01101373813197412
0.010949120810257378
0.010948140885444173
0.010947161231904546
0.011009595266986066
0.01094519130866137
0.010944212471216366
0.011062262438293769
0.010942222650990608
0.010941244636967686
0.02452337477667337
0.025308456767048185
0.011277676301431516
0.010933888454842824
0.010932912461328447
0.010931936737333567
0.010930961282734578
0.010929986097407928
0.011099623716954332
0.010928014404841794
0.010944374693066822
0.010926061410205771
0.010988817314759132
0.01107782189198183
0.01092308767259747
0.010921073122013606
0.010921151104758478
0.025269887288453415
0.010917454961410797
0.025248046121839562
0.01103330604140558
0.010912761109607547
0.010911790646681751
0.010928277196800467
0.01090984599450875
0.010972315083182976
0.01082991994197658
0.010906950045028403
0.02521801671070307
0.011056413315801717
0.025196253013668568
0.01089955638179385
0.010898589256605272
0.010897622396988365
0.011015599001385133
0.01089565682601322
0.01089469077366242
0.010893724986393388
0.01089275946408533
0.010891794206617483
0.010813313749783428
0.010812091242191972
0.010888946952538716
0.010951402907780697
0.0108870074088858
0.010886043724267639
0.01094829912425011
0.010884105818714884
0.01088314292872837
0.010882180302385334
0.010881217939565873
0.011032649304776754
0.010942257431830365
0.02515001158809781
0.010875589776284311
0.010874629074169924
0.01087366863473051
0.011024712269897461
0.01087170779572565
0.010870748157759617
0.025219052760970452
0.010867102372566053
0.0112009520387775
0.011198657759312898
0.010882964748907311
0.010978481887252844
0.011012541090237136
0.01086110356287617
0.011010319401084703
0.011009086649351966
0.010858153377974184
0.010857197318443593
0.011005880342738764
0.010855245922149313
0.010968342485989694
0.010966970614386397
0.010852318544776599
0.010851364082305323
0.010852013821426795
0.010776232539966743
0.0108485328366136
0.01084757940092279
0.02430117012179889
0.01095978305612177
0.02505779309480592
0.010840464933190583
0.010989336803905172
0.010953542557999548
0.010998043362578343
0.010762617803533832
0.010835622351934086
0.010834672155973415
0.010759547879406625
0.010894380498478509
0.011000663329640408
0.010980364848311643
0.010829874875983978
0.010828926239292911
0.010827977859884616
0.01082702973764319
0.010826081872452788
0.010825134264197622
0.011153092113638416
0.010823154223095469
0.010822207413922865
0.010821260861208338
0.01082031456483646
0.01082060319051588
0.010818431026799786
0.010817485494736899
0.010816540218558324
0.010815595198149022
0.025006329350272437
0.0109253494808178
0.010923994151802854
0.010737304511141925
0.010809132147375338
0.010735181798220625
0.010807268092921686
0.01080632543874399
0.011132132302068656
0.010731639494529151
0.010803436174534399
0.010803907497984619
0.01080156137797033
0.010800620266676886
0.010799679409308044
0.010798738805749972
0.010724759453659975
0.0107235667244037
0.010909337400858555
0.010813642524588572
0.010907184628813883
0.025051750076604477
0.010790442222602684
0.010789503969921453
0.010788565969909576
0.010787628222454007
0.010786690727441768
0.01078575348475999
0.010784816494295803
0.010783879755936475
0.024167288763610507
0.01079913353288385
0.01070565174231923
0.010778615707214428
0.010926156855465613
0.010776706406846285
0.010775771719920108
0.010700920175490961
0.010773925121260585
0.01069881952348334
0.010697635839542441
0.01077116822610719
0.010770235021023538
0.01088371932291852
0.010882379738100158
0.0109154364028626
0.010827454471399375
0.010765461702930574
0.010825393892636547
0.010763587925502738
0.010689186222844052
0.01076174770025036
0.010821629843894197
0.010759875924532872
0.010685405984415256
0.010758037678303408
0.010757107996187051
0.010756178562940673
0.01075524937845361
0.024883953429643276
0.010751710340999846
0.010769088800549005
0.010676017868655229
0.010748944022698255
0.010748016634312425
0.01086070151020998
0.010859370969942805
0.010671764388211498
0.01089173408953556
0.01076144429219189
0.02407274647179271
0.01073992788169281
0.010663582955726973
0.01088639251504606
0.010885202008037245
0.010884011971052873
0.01073521086323347
0.010734287025490287
0.010733363434066907
0.010879961911949409
0.01073147843835897
0.010877821146884074
0.0107295945274253
0.010728672192059136
0.010727750102345725
0.01072682825817636
0.024029186194904316
0.010786426125290516
0.01072253868864814
0.010869477017310522
0.010720659222380979
0.01064366012588251
0.010781745780187812
0.010780637875538806
0.010716980393318358
0.010778603863870846
0.010639298691814422
0.010714234917948127
0.010713316540005293
0.010712398405989823
0.01071148051579403
0.01082612682323364
0.010633911665327959
0.01070871975612103
0.010823255841608597
0.01070685559204439
0.010705939175358095
0.02398062472076485
0.010701548984206511
0.024756921727878703
0.010864201040053985
0.024736052645844914
0.010618608399031256
0.011024646874481576
0.010841515062510255
0.010692756416562015
0.010691843347682091
0.010838454080817083
0.010689518352247622
0.010689075537340196
0.01096567771810416
0.01068718048098335
0.010748667106775701
0.010832281856224212
0.010684397435814657
0.010745703299736292
0.010682565061513874
0.010681580078396638
0.01074276971263753
0.010679831859288377
0.01112387063520561
0.01067790404253691
0.010676994912522391
0.010676086022430859
0.010600397162049283
0.010674311031182179
0.010673390469831468
0.01059732682837324
0.010671596580946394
0.010670689109606118
0.010816239747441541
0.010668837074240253
0.01066793033284679
0.01081320121642868
0.010666079842974295
0.010779234618351629
0.010664519583987614
0.010588547317893176
0.024676213694044387
0.010659907166235435
0.010583983375043574
0.010582838891395944
0.010656960195650761
0.010656341841644663
0.01065543825282888
0.01065453490153628
0.010799851398871317
0.010652691283295624
0.01065178865651927
0.024645638885934056
0.010648345021464306
0.0107618267400518
0.0238323347199931
0.01056731379902379
0.010706336992385204
0.01070525204016895
0.010641427681429347
0.010563793120778472
0.010639650002804544
0.010754861892858536
0.010801264287812782
0.02459699507269563
0.010634355054319197
0.010557306136010998
0.010632580667496042
0.010631682930899382
0.010554410269448651
0.010745584528180332
0.010744295906877015
0.010628055948614656
0.010627159398619575
0.010626263083146839
0.010625367002094497
0.010624471155360641
0.010623575542843443
0.010546784073210694
0.010621806682174549
0.010620911764372985
0.024560107879389458
0.010617498747558244
0.010616604825230008
0.010614856175298178
0.01067712604368922
0.010728842521643717
0.010537280567274054
0.0106121275365344
0.010535276375051597
0.010610364343024668
0.010609472279433051
0.010608580448440832
0.010769964434961327
0.010752529367979666
0.023895006379810284
0.010603460057250392
0.010602569676076676
0.010748111276802622
0.010600752329155038
0.010599862655683965
0.010598973213796603
0.010521967740063979
0.010597216609395839
0.02386409245740755
0.010756634483816876
0.01051586731173339
0.010592188998671509
0.01086913148395137
0.010590344292515227
0.023836506497632307
0.010734990866511153
0.010733849576755746
0.010582301781085584
0.010645878363721266
0.010583478031686723
0.010582592610924936
0.010643027006983066
0.010641961488113645
0.010727384636455856
0.01057899469628053
0.010575196498816905
0.010577234689472918
0.010576350889089795
0.010498682170534844
0.010574605590497272
0.01057372246985119
0.02363626205375816
0.010632485020920755
0.010491048014142395
0.010489934744705937
0.010716429454371387
0.01089683854127312
0.010566012843599171
0.010565131833523195
0.01057936823363933
0.01056336682020627
0.01056248649495096
0.010483148184742037
0.010560748422778193
0.010481175522136022
0.010706964110465577
0.010558094804458951
0.010557215841051818
0.01070401677794302
0.010555421400811555
0.010554543130384952
0.010553665086689236
0.01054913652672562
0.01055191800734373
0.010551040639560609
0.010546378780830163
0.010549294928910912
0.01054841823617088
0.010547541769486198
0.010467984687200877
0.010545811370762196
0.010466021100707748
0.010544081899058628
0.010543206546678546
0.010542331419780537
0.010462343738955656
0.010540603758808468
0.010539729300509542
0.010538855067310426
0.010537981059114783
0.010655124123166706
0.010696718207518758
0.024499208533037428
0.010594025407886861
0.010531953785425215
0.01053108142762138
0.010591216289845126
0.010451629841777716
0.010450529660166647
0.010449429906908109
0.010522143040580353
0.024354039441195862
0.0243350316264955
0.010442468801144146
0.01052015268055098
0.010514387794891002
0.010518422207135864
0.010438684206125275
0.010634399223895244
0.010663789244223496
0.010514901921704872
0.010435406086109785
0.010630579226324982
0.01050748108439336
0.024304386860829027
0.01050898393569316
0.025301526797113432
0.01056560563361864
0.010619256259853759
0.010499938504711015
0.010502851143868343
0.010616395038774701
0.010615153430981237
0.010424514449108201
0.010499353834416558
0.010612446549066483
0.010497596100609822
0.010496732039146127
0.010420290973366525
0.010511751367819296
0.010494158146687003
0.010493294962314346
0.010492431998347714
0.010491569254693526
0.01041483099973176
0.010486105837179047
0.010646491650133167
0.010547725650588157
0.010487258152406021
0.010482327235467706
0.010808461192517629
0.010484604046470749
0.010483743298777867
0.024236375943685627
0.010480454817074401
0.010479595004528023
0.010495599999678818
0.010477872049017756
0.010477012894636508
0.01047615395897465
0.010534629491499548
0.01047442666464778
0.010532731787003246
0.010472700286417362
0.010471842447974566
0.01047098482769462
0.01047012742548528
0.010469270241254346
0.010527379093931465
0.010392419896973098
0.010525642179935835
0.010465844405278825
0.024298916425254488
0.0233952757781739
0.010606658934346107
0.010573025840683902
0.0105717999786632
0.010457643155847192
0.010569698278049952
0.010455906436138262
0.010380183854263004
0.010454219648425985
0.010453366273158071
0.010598084578228119
0.01037670594926794
0.010450792101201188
0.010595393381201627
0.010374067277892264
0.01037299112357236
0.010464404215716797
0.010446533078566793
0.010445681651154904
0.010444830439240015
0.010502804039876351
0.024141950812410565
0.024123325229391753
0.010438318454086033
0.01043746886487673
0.010436619490432503
0.024336482370928718
0.010433362515564926
0.010432514058735283
0.010431665816215433
0.010449605357140988
0.010429965621340081
0.010429118022746686
0.010428270638102501
0.010427423467317747
0.023297043216170064
0.010419352324793341
0.010423496610896253
0.010422650531731333
0.010421804665897816
0.010420959013306261
0.010420113573867256
0.010575227820314257
0.010343559793067229
0.010417564124203455
0.010474227951880253
0.010415865529031152
0.010415021372765142
0.010414177429024998
0.010558984409147399
0.02426484973191767
0.010555482743038441
0.010464689818435092
0.01040833424868716
0.010334841051232184
0.010462134610221264
0.01040581845964502
0.010460275729107215
0.010404126013005978
0.010403284693959331
0.011188397888142756
0.010717026300252341
0.010400563332303004
0.010399722913269937
0.010398882705218637
0.010452225616429745
0.023247110903695217
0.02407311202560195
0.010538140471274085
0.010391727077333041
0.010390888650422344
0.023972117104868334
0.01038769027016236
0.010386852738099944
0.010380861753847325
0.010385186374060067
0.010379060957875554
0.01038352086300401
0.010382684372377396
0.010309908816806053
0.010381031674361392
0.01037466179657948
0.010379368271171105
0.010378532816877008
0.01052321237353962
0.023173051715429695
0.01037461715345897
0.01039373613318793
0.010691472075285438
0.010482461633342254
0.023919413375502276
0.01036882627459104
0.010367993239645481
0.010367160412702294
0.010511772317174772
0.010365460088558915
0.01036462789626845
0.010473577341634855
0.010362936890831554
0.01036210532979351
0.023121788254713626
0.010359075899446393
0.010358245193215983
0.01035741469403878
0.010356584401828975
0.01046687558696765
0.010281134982054869
0.010280087189865068
0.010353277686001054
0.010498192381925927
0.010351584115384607
0.010350755276445902
0.010343724214366917
0.010494714704013324
0.010348242954281541
0.024835806621829472
0.010344902030700176
0.01036424770523431
0.010338057521040755
0.010342424117660481
0.01034159743266597
0.010449731071017173
0.010339917745971398
0.010339091685374543
0.0104822733459142
0.010265645312329848
0.010336599375257261
0.02383012684842283
0.010333450920403126
0.010332626351894551
0.010331801987939778
0.010330977828454399
0.02380804302508304
0.010436345124386641
0.010347111738934631
0.010326158050312917
0.010325335178428693
0.010432774012825519
0.010323663351015578
0.010322841098825405
0.010429912071817236
0.010321170602449392
0.010249290810155923
0.02301925989100034
0.010317374727862046
0.01031655392661273
0.010315733328400651
0.010424424979321882
0.010314065838383795
0.010313245857153411
0.010312426078622452
0.010311606502707562
0.02375520809710029
0.010308482416228129
0.010307663701995174
0.010306845189959814
0.010360818909789191
0.010448699109663095
0.010299213747770514
0.010303537544917559
0.010302720052291901
0.010301902761362088
0.0102958353394435
0.010300276583420453
0.010299459893818749
0.010298643405583854
0.010225545710091639
0.010297030366041838
0.02372229841101577
0.010293918687808379
0.010293103451749016
0.010219836051762538
0.010218806849263119
0.010290697671422142
0.010289883225700685
0.010216180434909477
0.010288274348994956
0.010431103264623291
0.010286612516951451
0.010285799077276878
0.01028498583765741
0.01021126767908506
0.010302150407076466
0.010282562491104224
0.010281750046166466
0.010280937800877226
0.010206924163779439
0.010279333337476923
0.01033387708348734
0.010277701157599684
0.01033208533301481
0.010202954351222789
0.010385108640232142
0.010274440966111938
0.01027363051429862
0.010272820261320132
0.010381455725206705
0.010271173724557839
0.02304604759665278
0.010268209801504141
0.010322232355935787
0.010266582990240487
0.023656334917827315
0.023726657669630145
0.010261219964022107
0.010260412429494744
0.010259605092666583
0.010312532658236317
0.010251595485198549
0.010257183427753804
0.010256376879757138
0.010400842935064155
0.010254747124723676
0.010253941171600249
0.010253135415533347
0.010252329856442805
0.010251524494248515
0.02360827807095825
0.01024845316036483
0.023589626656937163
0.01023877681744167
0.010353142148132908
0.010264032695362385
0.010170809797877576
0.010242168104064026
0.010241365003925584
0.010240562099720964
0.010293171240290357
0.010238948234081485
0.010238145919256904
0.010380837987980866
0.012569687269114222
0.01023519609541675
0.010234394720069755
0.010233593539950434
0.010232792554979636
0.010252042020775448
0.010231186746388597
0.023553861043735098
0.010157344067111242
0.01022735285403408
0.010226553278740922
0.010225753897964556
0.010153980491551423
0.010532015146769628
0.010276758929639461
0.010222496939841225
0.01022169854829842
0.010220900350792685
0.010220102347245583
0.01027258526571705
0.010218498316880422
0.010217700896780684
0.023522574442925957
0.010214659516381197
0.010213862920461331
0.01021306651787089
0.010353139292787805
0.010317277557810691
0.023500142127839647
0.024417524260450525
0.01020597500455746
0.010205180295188167
0.010204385778422814
0.010203591454183703
0.01034207677745698
0.01020197056451256
0.010201176827468527
0.010252312430193816
0.010199581612132955
0.010499174287279789
0.010197925935452483
0.010197133181669147
0.010247961910559593
0.023451061066273208
0.010126284053431793
0.01019253863318372
0.01019174707438729
0.01019095570694214
0.010190164530771314
0.01018589331706052
0.010188589823064967
0.010239340764755928
0.010183390894501812
0.010186217439353653
0.022819639068922995
0.010183328061779778
0.010114540386704415
0.010181767326356403
0.02279575118753564
0.010178883666607455
0.0101780952014929
0.010177306926520897
0.010280736694516165
0.02264734968523908
0.01010343185561833
0.01017285628852003
0.010172069177591916
0.010593603436401243
0.023560902787953215
0.010218725797287791
0.01009905068993276
0.010098056859668109
0.010165855618596072
0.010096292321660046
0.01015811612947936
0.010163525153599081
0.010184635917582853
0.010161950666484062
0.010161166075248994
0.010160381672637716
0.010159597458574747
0.010158813432984666
0.010158029595792107
0.010157245946921705
0.01015646248629818
0.010086588200323314
0.010154914171944644
0.010205052514511408
0.010153340479799232
0.010146212876867684
0.010151783139255702
0.010255404569052983
0.010254289115223943
0.010149387494919749
0.010148605920931395
0.010288326757952073
0.010197473184128995
0.01014622167117261
0.010145440858183283
0.010144660232307909
0.010075534910771577
0.01014311738125853
0.010192749340351939
0.01014154946024489
0.010140769765136254
0.010071601512511538
0.010133006034894431
0.010138457071585415
0.010131330556615808
0.010136906810224848
0.01027664651510699
0.010135317224622315
0.010134539019150022
0.010435689205177946
0.010132914244317554
0.023304827008750754
0.010180121223853478
0.010268999791246656
0.010428600317403041
0.02328474314996138
0.010125323484725626
0.023266687195097707
0.010054953218359843
0.01012160850260851
0.010420238584866822
0.010221900595487776
0.010119190904941656
0.010118416254819048
0.010117641789406247
0.010116867508629931
0.010116093412416855
0.010115319500693788
0.010114545773387546
0.010046945002770093
0.023303304365246635
0.010110843262112337
0.01011007049724339
0.010109297916353635
0.010157427046501267
0.01015650255025999
0.010041051277401111
0.010106211382548918
0.010244056417186726
0.010153362106527796
0.010098608293182218
0.010103093388138909
0.01009694951557372
0.010150108719868834
0.01020117062376479
0.010099986567380898
0.01009921638429151
0.02248955276640658
0.010096407135387385
0.01019733971134154
0.02318858715645461
0.01009268262061794
0.010091913975985637
0.010192487310195356
0.010090353261312008
0.010089585170783769
0.010088817262417688
0.010088049536141853
0.01011033958650142
0.010086509742072963
0.010085742563187877
0.010223557027712646
0.010078548413438568
0.010083417431981094
0.010082650986567214
0.01008188472266615
0.023157519403750503
0.010073232155108795
0.010011623020971087
0.010077458525039896
0.02313783860681657
0.010074543875172546
0.02312005344948313
0.023103237620445968
0.010069490568045587
0.010068727012092254
0.01006796363657986
0.010205622307267228
0.010066405712953783
0.010065642887827686
0.010113752609195113
0.010360103308307991
0.010063281126823871
0.010062519043302234
0.00999581942714132
0.010061012439792951
0.010060250890422376
0.010059489520702796
0.01010741193008661
0.01005795975474783
0.010057198925288188
0.010056438275196979
0.010050128370706776
0.009988875756019505
0.010054181471294997
0.010191313844758236
0.010052630263520592
0.02306494240949264
0.010049738443160244
0.009982910768299389
0.010048237629931393
0.010041746031002762
0.009980347554361113
0.010341649315377777
0.010045161810461502
0.010044403895113458
0.01004364615800771
0.010042888599074467
0.01004213121824401
0.010176535461182048
0.010040588682098126
0.010039831843089004
0.010039075181900656
0.010038318698463541
0.010037562392708125
0.009971150430035151
0.010036067169857124
0.010083771359470807
0.009968821272350142
0.010033809724314594
0.010081481718588163
0.010169584431319871
0.010031505779778405
0.010030751072472279
0.009964367074969694
0.00996341318434334
0.01002852168247914
0.010076267645506587
0.010027006333930529
0.00996034953373823
0.009959396953426408
0.010024779637889163
0.010018037906584967
0.010123785231710323
0.01001652309027362
0.010021758787942748
0.010021006358737468
0.010014159068585953
0.010019509073126442
0.010430025932909825
0.022290307532521054
0.02226477714794362
0.010013938274782879
0.010063147495874253
0.010012429112852673
0.010011678685692289
0.01030946340846037
0.010010111854116719
0.022972756920260008
0.010007253840063868
0.010056161750803592
0.010005747676266179
0.010004998715709406
0.010004249929947364
0.010003501318912134
0.01010508208906124
0.022949736609039227
0.010101893267269445
0.009999106786019122
0.009998359280120685
0.010046825032461472
0.010133883440042055
0.01009719315549354
0.009995311538598202
0.009994564919753483
0.009993818474808586
0.009993072203696076
0.009925524614590309
0.02292308477000613
0.010038249040840866
0.009921878143902186
0.009988019566160865
0.009987274545597847
0.00998652969833137
0.009985785024294338
0.00991801196596354
0.010121717887537653
0.010084562387864593
0.009982770693436815
0.010082741745405953
0.009981260004292992
0.009913955916620146
0.009979790078126254
0.023796970254445576
0.00997680037713543
0.010074698435066167
0.009975292693061738
0.009974550529242043
0.010109478023734532
0.00997303620128074
0.00990770801186466
0.01010713939714219
0.010106189722356504
0.0099700261376362
0.010016976764379477
0.009968537125466947
0.00990343021434472
0.009967072426991588
0.00996106539102297
0.00996559881173873
0.010012495950558638
0.009964111860568942
0.009963372290466361
0.009962632891569229
0.009897405106363624
0.00996117091912175
0.009960432028540507
0.010057847171344223
0.009981915933475144
0.009958189008074499
0.009957450808943826
0.009951404979357517
0.009955981620671045
0.009949817837666615
0.009954513126978762
0.01008970511445308
0.00995302299986541
0.02301075539809196
0.009950206235112738
0.022132114906004124
0.009947517079489605
0.009940370226167535
0.009946052290319944
0.009880646062466808
0.009944597571109765
0.00999049051290825
0.009943120158587698
0.022099437133751572
0.010040152379484257
0.01023163708823526
0.009938883319313587
0.009938149303498985
0.02207503707059147
0.022773852441825764
0.009933413405947921
0.009932680467517609
0.022755819353242872
0.009929890822040103
0.009921499443436017
0.00992843362173465
0.009927701734300898
0.00992697001520829
0.00985930465250883
0.010026220611002898
0.009924769531106077
0.009971708833120584
0.02201024007372938
0.022716506601840703
0.009851152364743456
0.009918609989529707
0.009917880177802825
0.00984879899980912
0.00991643793275688
0.01005359537173131
0.00996344259483892
0.009962569978453599
0.010015236908556591
0.009844822343954807
0.009912012866794363
0.009911284569838892
0.010205580106673363
0.009931647887144759
0.009909031775952069
0.009908304166387844
0.009907576723556695
0.010008095665428164
0.009906099355748056
0.01000631619799633
0.009904622734287967
0.00995179533654585
0.009925259598502748
0.009902431626366845
0.009901705531348491
0.009900979602484749
0.00994812066109852
0.009921597313080278
0.00989879101230153
0.010034627804323848
0.009889581620372729
0.022742333802826375
0.023682519507543062
0.009892337506535712
0.009990199663929573
0.009989171196665834
0.009890121351605566
0.009889397880944638
0.010023732102353852
0.022696552582333034
0.00998286716710478
0.009878700386608565
0.009884433748447571
0.010018492695748268
0.00992874962215462
0.00987579912803916
0.010016212463235238
0.010015288225037843
0.009880013338542295
0.009879292088399171
0.021912572314609028
0.00997447589561431
0.010010848770856798
0.009875173276343251
0.009874453046090855
0.009873732979818214
0.009919265824900214
0.009865566789773204
0.009871573523065188
0.009806506656355945
0.009967639095876144
0.009869409633667895
0.02264418078424282
0.009859870682348334
0.021977628282426158
0.009864061358692638
0.009863343477580456
0.009959786411955007
0.009854385709456417
0.009861175691751461
0.009852843766470805
0.009859748264760586
0.009851302589828602
0.009793998210006654
0.009857620794917423
0.00985690437352699
0.009791685658569978
0.009847437856305843
0.009854778902091764
0.009854063123330389
0.009898601844003062
0.009950115032143525
0.009851888021130467
0.021940955513582674
0.009894262262365307
0.009848557606878557
0.009847843154632833
0.009782194646139369
0.009891379469782646
0.009943558865863353
0.009889665361622058
0.00984425389175064
0.009843540414148975
0.009940226195047665
0.009842092029112558
0.009841379041992912
0.009840666216157394
0.009884365425787887
0.0098835143556426
0.009838515541729681
0.009837803363302545
0.00982855680396194
0.009836386449794078
0.009835674751538369
0.009834963214081833
0.009834251837363943
0.009858504759795
0.009832824569492185
0.00983211367611103
0.009831402943226073
0.009830692370776984
0.00982998195870341
0.00982927170694506
0.009828561615441666
0.009872046538372446
0.009923781472840997
0.00992277466202597
0.009762162306691882
0.009960384839722346
0.02179274908113593
0.00986702939053831
0.009821649470470557
0.009811940032305884
0.009917885736602457
0.00986390276221851
0.009818795186690175
0.009809099369468208
0.009817386710713033
0.00991398190811392
0.009815950120710936
0.00983998527653453
0.009839146590768682
0.022467144550343432
0.00994751976254175
0.009811096719491307
0.009810390555109644
0.009809684549474704
0.009808978702527038
0.009832733601990202
0.009807562612021738
0.009798097409622558
0.009806158938979697
0.009805453883473036
0.00980474898629822
0.009804044247396016
0.009827658496612731
0.009802630403608223
0.009801926140599554
0.009736627713369776
0.009897914732353807
0.00979980829241812
0.009799104662772458
0.009798401190925355
0.009797697876817836
0.009932156524837418
0.009840735730154352
0.009930530604179501
0.009794821179000364
0.009785604826766388
0.009793423139389525
0.009837045825180194
0.009727941256120856
0.00992627142939038
0.009925372551363838
0.00981411405615615
0.00988570711479499
0.009922860470791635
0.009832003070459188
0.009786997938892344
0.009920516396088982
0.022490371234139755
0.009783574020983085
0.009916877288231653
0.009827103207883289
0.009781438679249159
0.00978073908468802
0.009780039646431395
0.02180492093014978
0.021675636001798847
0.009775631703861679
0.009774933242639236
0.009774234937324865
0.009773536787860587
0.009772838794188457
0.009772140956250548
0.009869902302119798
0.010058050478248672
0.009815231328228645
0.009769261689854916
0.009768564654259682
0.009702746931001118
0.00976718670330589
0.009766490129151654
0.009765793710203393
0.010051475854317036
0.009764340570741057
0.009763644633944609
0.00986021085140266
0.009697593643414779
0.009761551820461888
0.009858041103696353
0.022350328869977714
0.009758182313574625
0.009757487662432191
0.009692246505630707
0.009801144604748641
0.00975541347074839
0.009746097149760049
0.009777316616632583
0.009688532273941675
0.00975265591105012
0.009751962485767367
0.009686295694525691
0.010036137846971558
0.00974983827659755
0.009684365425711496
0.009748468346019465
0.02161004863497807
0.009880611143156125
0.009745221254497793
0.009843112534265471
0.009743816068843983
0.009743124529683648
0.009676507154973249
0.009741757606350588
0.009741066522616434
0.009674279121578868
0.0096734087015865
0.009729550699855052
0.009738341997193508
0.009836603504074221
0.009782860371094734
0.009758438193882456
0.00973554875830672
0.009734859048671394
0.022293076680821207
0.009732226038746567
0.009731536979273613
0.009730848072264273
0.009730159317662305
0.009775340300526372
0.022273371967982916
0.009726836131722117
0.009726148179238538
0.009747612286173666
0.009724768376834966
0.009657940494904276
0.009723409198352377
0.009722722002456616
0.0097220349583511
0.010007787831526583
0.010006182958223982
0.01011648618073665
0.009719087317081316
0.00985152013891362
0.009717686665244502
0.009814222885496106
0.00973852389288039
0.009848357553291465
0.009714890060536078
0.022242517322023196
0.009757934479820226
0.009844111158894218
0.009710868716477724
0.009645606793036351
0.009709515190286051
0.009708830990812685
0.009708146942036915
0.009707463043903429
0.009706779296356948
0.009697886479086279
0.009705418748255196
0.00970473544978905
0.009704052301690226
0.009703369303903562
0.009702686456373967
0.009702003759046332
0.009798024397790957
0.009700617755588323
0.009699935514371198
0.02221111759113913
0.00969732961781608
0.009978179516004645
0.010303989318172842
0.009740289518921214
0.02236904336751168
0.009630470092440243
0.009691823030537002
0.009691142562055229
0.009690462242927378
0.00968978207309882
0.00968910205251497
0.009732083340714407
0.009687736090354287
0.009687056518546507
0.009686377095764837
0.009685697821954832
0.02147761508551326
0.009619884353431028
0.009619028390929539
0.009813852666371015
0.00968118326628678
0.00968050505238245
0.009679826987020192
0.009679149070145826
0.009678471301705122
0.009772995135336686
0.009677095545612364
0.009676418227850878
0.009667611125338746
0.009675070429058933
0.009805971316228713
0.00967368905836204
0.00967301248651324
0.009664235700802782
0.02213996164764379
0.009669758757524747
0.02142418366498197
0.009712240612537133
0.009602112686042066
0.0096883048520196
0.009710303253249418
0.009664588952678974
0.009760286765952472
0.009663218792259514
0.009662544347624454
0.009661870050182075
0.009661195899878829
0.009596150317045405
0.009595301170952185
0.02298345662277289
0.009657160582698101
0.009656487368830133
0.009655814301721275
0.009933351399145255
0.009646445087812858
0.009748042241564588
0.009653051684794535
0.009644425808350841
0.009651713496481152
0.0095883245273237
0.00965038433696706
0.009649712600884161
0.00964904101102351
0.009779216360171736
0.022071741318662658
0.02205663865443486
0.009643888935098243
0.009643218450624153
0.009642548111942642
0.009579191064590898
0.021457197020475882
0.009639441098577796
0.009682775600188213
0.0096380956578333
0.009732204434548688
0.00965997510384839
0.009636063325620874
0.009635394465658685
0.009634725750912152
0.009634057181328733
0.00963338875685589
0.00963272047744114
0.009632052343031987
0.009631384353576007
0.009630716509020774
0.009630048809313887
0.009629381254402995
0.009754366815002259
0.009565245079436313
0.009758236340707499
0.009626675506200725
0.00966968247789985
0.00975600809533427
0.009624641848974052
0.00962397546902573
0.009623309233395872
0.0096226431420324
0.009621977194883226
0.009621311391896311
0.00955812288109277
0.009619994810561718
0.009662951497757304
0.009618657889383535
0.009617992803688066
0.0096173278618444
0.00961666306380069
0.009615998409505099
0.009615333898905804
0.009744986965703955
0.009613978148709651
0.00961331407630462
0.00961265014738583
0.009611986361901607
0.00988684864019742
0.00961060252653055
0.009609939186315603
0.009609275989322496
0.009738316633818052
0.00960792302009269
0.009545441567898735
0.009544605940971727
0.009605964015837977
0.009734986618776505
0.00969773994754454
0.009696803769195178
0.00960324876133781
0.009540988704463552
0.009694741414634308
0.00953969775445975
0.009538863731965979
0.009623070507800403
0.009821196922945037
0.009691103055177808
0.00972678933778225
0.00953600712916218
0.021971732120086598
0.009533319564124435
0.022016090136644566
0.009721058637291342
0.009591515601415055
0.009633520876640465
0.009590190859605472
0.009718177172551442
0.009680119543794276
0.009588167811403453
0.009587509154569997
0.009629269945142816
0.00962848465344187
0.009585521897953388
0.00958486380962564
0.009674916590880418
0.009583528674239913
0.009582871015092068
0.009582213497148117
0.009581556120357554
0.009521167410090452
0.00957319535329311
0.009519595216717799
0.009669848422955887
0.009578285785046476
0.009577629249492329
0.009576972854740573
0.009516377268794826
0.009666460975980517
0.009574999110491235
0.009664864031360548
0.009842901326156688
0.009953398743178792
0.009614085723969231
0.009571565836075087
0.009511969724974789
0.009570269554698646
0.009569614744016625
0.009568960073519126
0.0096578854152577
0.00956763205753494
0.009566977812455664
0.021958864499106966
0.009564474239147908
0.009563820591290234
0.00969013998378149
0.021325352466589505
0.009502099017737011
0.009501274578590435
0.022700408055980274
0.009557493066053165
0.00955684075273836
0.009556188578752546
0.009555536544046095
0.00955488464856942
0.009554232892272963
0.009640431286296556
0.009552911262654618
0.021888676637754397
0.00955042352273679
0.009676273871661993
0.0095429526958496
0.009587129107539177
0.0094921516887625
0.0096736738532305
0.021864150034728764
0.0095446499441092
0.009544000217999232
0.009543350630320517
0.00954270118102386
0.009542051870060127
0.009486440447515185
0.009917884861616742
0.009578058596419671
0.00953938952019486
0.021911371383217075
0.009620073242157034
0.009483015013895058
0.009565051425751146
0.009534958541114908
0.009534310804241861
0.009640692480745092
0.00953299528418164
0.00953234796559353
0.00953170078459284
0.009531053741130792
0.009524530696270099
0.00965548224260671
0.009611816029361184
0.009653853125562389
0.009474997209603856
0.009527123288887789
0.02178707699082855
0.00952465151751365
0.009606501080022865
0.009523342796064831
0.009522697453689746
0.00951645779018932
0.009521412692352217
0.009520767758566879
0.009602413050477869
0.009519460739786845
0.009466296339465049
0.009547755303916522
0.009553791178071614
0.009464202181689503
0.009516253960265399
0.009597989894310792
0.009514948858833621
0.009514305295430098
0.009461041260073877
0.009549243519923258
0.009512382918440487
0.022535504571389767
0.00954013430551478
0.00950914781201361
0.009457241415675867
0.021738354936964948
0.009506060405087608
0.00953552630989257
0.009453255505783175
0.009628332069774518
0.009539167987217665
0.009502828994871223
0.00950218783666249
0.009501546813898596
0.009581633278249707
0.009500247979230166
0.009529676778168064
0.009498961332591467
0.00949832099244781
0.009497680787460605
0.009497040717582254
0.009531946849622877
0.009576150196094976
0.009530421131422532
0.00952966134659993
0.009524158216468353
0.009493166126704046
0.009492527010208088
0.009491888028437959
0.009571218680392991
0.009490593452486136
0.00948995487917058
0.02170310905521255
0.009487510366855688
0.009486872367610782
0.009486234502709974
0.009485596772106093
0.021080100284898002
0.009737381042200772
0.009482564365604317
0.009481927339275073
0.009604826569234157
0.009480628581470432
0.009479991963717573
0.0094793554798334
0.009427439481647808
0.009558725752640992
0.009426193859321762
0.00942538805554966
0.021663137955360103
0.00951017202380514
0.00950941696870978
0.009553637733593504
0.009619695863716377
0.009471808404101448
0.009506366954480169
0.009470534123712435
0.009469899551330471
0.009592453173051187
0.009468605831271092
0.00946797166486848
0.009547075851053763
0.009501648626526915
0.009461378112808774
0.00958836195237946
0.00946476156985356
0.02164260393245132
0.009462344834426161
0.009461711908083424
0.009461079114338676
0.009460446453145581
0.00945981392445786
0.009493293129370124
0.009409043626688996
0.00958065666967206
0.009407699803983632
0.009456647313592685
0.00945601557998474
0.009455383978558392
0.009488932908214499
0.009449425271821658
0.009453490597386326
0.009452859523292126
0.009530786958145488
0.009451581167407644
0.009484891929582188
0.009450315444457605
0.009445015515228496
0.009571615457944249
0.009570813611480645
0.009447750313373113
0.009447120441727895
0.009524476075323115
0.009445844616744038
0.00947892140957523
0.009444581338088388
0.009443952128899102
0.009443323051011084
0.009442694104378643
0.0094420652889561
0.009518993434594553
0.02159523628272745
0.009439010767442132
0.00943838264753807
0.00943775465856683
0.009437126800482868
0.009432231019345916
0.00943587653768333
0.00938660963693002
0.009434633207132871
0.009385196051369529
0.009384400813989745
0.009432774992805544
0.009554166329858175
0.021571549430647714
0.009380685035809253
0.009429106522847196
0.009428480389879637
0.020958667209911543
0.00945639751740488
0.009425544569157946
0.009424919108476135
0.009424293777825095
0.009373154165024973
0.009423055267178184
0.00945707768954458
0.00945633577346153
0.009415859700194793
0.009499898756450027
0.00953519848127759
0.009498378583760042
0.009418634108207402
0.009418010082970172
0.009417386187266612
0.009450830038947183
0.009416134268694677
0.009415510762210148
0.00953724062098918
0.00940905624167052
0.020923453409987944
0.009360737129634322
0.009411339614414517
0.009490906787196635
0.009358905040479449
0.00940946737206547
0.009438637158326116
0.009531170925125083
0.021507194021592364
0.009405809438635044
0.009527956306948578
0.009404542029095115
0.00943869074474098
0.009483102187357028
0.009525114938408191
0.009351266356942476
0.021604227221684143
0.0093480283575354
0.009399012356159947
0.009398392186241777
0.00952019333429388
0.009391547151550134
0.009344788376442967
0.009395905447143476
0.009395285919308194
0.009394666519483121
0.00939404724762412
0.009393428103687117
0.009473422418140877
0.00934052731186977
0.021463093342218745
0.00938981422502397
0.009417959837759726
0.009388572470336873
0.009639157105897042
0.009387286882178046
0.020831962597495854
0.009378900496664715
0.009384403327942246
0.009383786037568008
0.009464808066624157
0.009382534972579785
0.009381918068261833
0.009381301291070314
0.009380684640961496
0.009380068117891724
0.009501873773953893
0.00937881113458532
0.00937819499870064
0.02142264076422408
0.009375835116403169
0.009403356651743196
0.009322075253690701
0.00937399558850496
0.00945480066770562
0.00937274849615793
0.009319660218406295
0.009493704676113848
0.009407046749233719
0.00940631643504712
0.009369652971772693
0.009369038649862979
0.00936842445420283
0.009367810384748963
0.009367196441458116
0.00936071419883604
0.00936597409464921
0.009487341641558879
0.00931247619118837
0.009445191804817977
0.009363491615818172
0.009398769154247493
0.009362260820042797
0.009361648016886033
0.009361035339458453
0.009441097819380352
0.020772218150186768
0.02137554862692971
0.009303331968714277
0.009608320259634703
0.00930222327490425
0.009354559591668438
0.009435697611545286
0.009353320236221787
0.009352709132212264
0.009352098153369752
0.00947338731462465
0.009298096829801603
0.009472094223154086
0.009343576948798733
0.009349014095560125
0.021351613934648583
0.009428145938308648
0.009346049206447899
0.021336100712185172
0.0094249282512914
0.00929063237341234
0.0093700571620115
0.009341876934187233
0.009422510352656921
0.009376855259557665
0.009376131982393905
0.009339415774102943
0.00933880737770387
0.009338199105567142
0.009418340610707092
0.009336966412026918
0.00945748217281085
0.00933572690023339
0.009335119259201025
0.02069469181574909
0.009279745447935103
0.009332291379076913
0.009583199290452364
0.009331028519800178
0.009330421773613309
0.009276853405122708
0.00932922052742204
0.009410240189374303
0.009275070046698766
0.021290947860433895
0.009325681417190538
0.020652495365781693
0.00931665629357168
0.021262599426876864
0.009266788367342729
0.022196784238143065
0.009264885955263272
0.020692267077305926
0.009316486127457028
0.009315881996382875
0.009260732492670233
0.00925997011939196
0.0093140945678901
0.009313490921631196
0.00935040143634181
0.009312278934261372
0.009394983161261245
0.009311055634801401
0.009432381226873366
0.009347123621930109
0.009309218048336978
0.009308615395021634
0.00930801286407518
0.009300520149095595
0.009306813364220482
0.0094279992203123
0.009305585353203567
0.009250724202494037
0.009426104421112304
0.0093037682102537
0.009303166664042644
0.009385319933134665
0.009328182121774527
0.02120066853356785
0.021186922113878678
0.00929794778032221
0.009297347278757213
0.009296746898851706
0.009296146640564587
0.009295546503854718
0.009294946488681025
0.00929434659500243
0.0093309558497418
0.009293142169750484
0.021166505671667914
0.009373208041662024
0.009290235426103242
0.009410651804947146
0.009326003350151558
0.021149811385012585
0.009286721885169038
0.00928612352195153
0.009285525279690152
0.009231413676680946
0.009366349588273048
0.009320579426503845
0.009229742204459861
0.009364388808092958
0.02050759959366607
0.00928033379912763
0.009279736663302052
0.00936204501473377
0.009224201423755926
0.00927794126202546
0.02111377727648491
0.009275663377055977
0.009357885081819051
0.009357048471993866
0.009273841725929455
0.009310368529340848
0.009272645085692264
0.009272049435610266
0.009271453905588511
0.009270858495586606
0.009270263205564185
0.009390482625107433
0.009306050295590144
0.009268449669843321
0.009261211190591322
0.009267265244783536
0.009266670679045295
0.00926607623300268
0.009265481906615464
0.009291019127399889
0.009264288999144695
0.009263695032674064
0.009263101185697722
0.009208720840575849
0.009261925652908433
0.009261332161081886
0.00926073878859045
0.009260145535394091
0.009205636162760638
0.009252116964299048
0.009258383375129844
0.021117948398965025
0.009256120892711273
0.009255528499551755
0.009291361404288968
0.009254339220487127
0.009200353225646867
0.009253166976015824
0.009252575175232043
0.00925198349322636
0.00925139192995898
0.009243800054799118
0.009331961302495377
0.009331132391890231
0.009285178696480417
0.009248403522032085
0.009247812677918403
0.009247221952262337
0.02105297450172356
0.00924496432804829
0.009244374107033687
0.009236915624267384
0.00932440097314745
0.009269401706103826
0.009241998513937156
0.00918839804670978
0.00924083098176786
0.009360585928994334
0.009239629124993631
0.009239039973372297
0.009238450939651833
0.009237862023792872
0.009237273225756048
0.009272788012266475
0.00922928802498659
0.009235507762762846
0.009234919434909682
0.009234331224682582
0.0093147117218401
0.009233139012263037
0.009179786251926919
0.009231974953430793
0.009231387331824988
0.009230799827609645
0.009230212440745612
0.009265574737355892
0.009309784816684362
0.00922843014064473
0.009308363057844913
0.009227240389434168
0.009226653714910063
0.009345750172486622
0.009345004963757496
0.009224848444971862
0.009259899770593853
0.009171614210714616
0.009223096891509203
0.009222511045207974
0.009221925315705062
0.009221339702961597
0.00916856813053354
0.009220180221158046
0.00933904611347403
0.00921898689400391
0.009218401867279985
0.009217816957081633
0.009217232163370137
0.009296676282494289
0.00921604701519637
0.009215462574726538
0.00921487825058724
0.009214294042739827
0.009213709951145652
0.009161165790899406
0.00916042863272582
0.009211981054314868
0.00929147974297107
0.00921079800858772
0.009210214611825673
0.009328642952767094
0.009209025388077935
0.009208442344870806
0.009155914527229402
0.021923989560340824
0.009205488974717915
0.00920490656236094
0.009204324265671358
0.009203742084610821
0.009238853060664362
0.009202573367148975
0.009201991533663237
0.009201409815653087
0.009200828213080253
0.021003668223610297
0.009198603439828935
0.00919802232946632
0.009197441334348811
0.00919686045443825
0.009196279689696513
0.009273822066316315
0.009195103004264278
0.009194522588698009
0.009193942288146717
0.009193362102572359
0.009192782031936906
0.009192202076202345
0.009186150816045806
0.009225825828248577
0.009184893924640988
0.00930765551271328
0.009267062120388213
0.009188691702382843
0.009188112557166983
0.009305009142091652
0.009186932215336629
0.009186353419390196
0.020342229433107997
0.009184223828790515
0.009183645507993077
0.009177142102851695
0.00918249394212094
0.009175899650199637
0.009130088296199115
0.009129358841998976
0.020956611778341218
0.009178576541265733
0.009177999269891067
0.009177422112510785
0.009176845069087307
0.009176268139583076
0.00916943444943125
0.00917511939311743
0.009174542803587822
0.00917396632782806
0.009122420579118627
0.00917282475456769
0.009290444618617498
0.009171650156196892
0.009171074251471251
0.009170498460289892
0.009169922782615426
0.009204048931370938
0.009162468159308544
0.00916819667157992
0.009285668135782254
0.009167023950372118
0.009284345905480476
0.009115107727874671
0.009165287939681434
0.00919192661563845
0.009164134057949903
0.009163559635183704
0.009162985325474153
0.020891674608892956
0.009278513833903613
0.009160185844937057
0.020876933544769972
0.00915798550478466
0.009235590783327722
0.009156823580209875
0.009156250470630267
0.009155677473693207
0.009104512447819284
0.020859381600849082
0.020846138496900438
0.009100564011135924
0.009268225801170238
0.009150142768726244
0.00922768350291574
0.009183679107823669
0.02082933696576483
0.009146789428592596
0.0091462181010528
0.009145646885597377
0.009145075782189626
0.009094050434367269
0.009143944777591215
0.00917803125457992
0.009220585379454452
0.009219788067558996
0.009258551457503652
0.020809009452093782
0.00913942109011238
0.00913313285197655
0.009378215100474064
0.009137671337690835
0.009087318197555242
0.00913654298450161
0.009213077856422051
0.00913538923776316
0.009129237804425231
0.020789439203471167
0.009132645550682387
0.0091320768720689
0.009208434593356985
0.009207640651069122
0.020773456345940293
0.009128734258079469
0.009204647072617164
0.009127583451037072
0.009127015702262856
0.009154068267261952
0.009153395864398832
0.009075958095343542
0.0091247470176042
0.009074682692499562
0.00907396630391588
0.02023695289798184
0.009121548581216419
0.009120981951080144
0.009120415431526627
0.02073915112611597
0.020127651459104362
0.00911673762225398
0.009194851085790403
0.020712493850057294
0.009113994574781934
0.00911342923705646
0.020093606763075936
0.009229190573228373
0.02007334160725881
0.009109269221594945
0.009227006529449215
0.020052452213789148
0.02070752258846099
0.009105032911368684
0.009104469086660136
0.009103905371677977
0.009103341766386507
0.009102778270750123
0.009102214884733175
0.009101651608300053
0.009219739124183198
0.009100503226959926
0.009099940284499411
0.009045745149385227
0.009179985561276518
0.009098247720168097
0.009097685216255121
0.0090971228216393
0.009447974299842551
0.009095935334433694
0.009095373282597014
0.00909481133991018
0.009130160935171416
0.009093683097516379
0.020773614257784203
0.009091537217281469
0.009090975958243453
0.00909041480810665
0.020651513001001615
0.009088278275338294
0.009121662622348911
0.009087152649976171
0.009086592180728477
0.009086031820134514
0.009163866395986557
0.009084896287045022
0.009084336255916953
0.009271118875042478
0.00908318130955924
0.009116160062485385
0.009082057732664486
0.009198933366844776
0.009114355096707724
0.009266023619822688
0.02059462900243342
0.009078185548970838
0.009077626761295199
0.00902703199772279
0.009076520117782122
0.02149264374323497
0.00919052899618268
0.009024252044232592
0.009073122871733133
0.009072564997044279
0.009072007230186504
0.009071449571125016
0.009098607442258062
0.019969800258619996
0.009068847957682277
0.009068290852621223
0.009067733855150573
0.009183873659683085
0.00910055092904149
0.009143412114751018
0.009015136451535856
0.00906492022104376
0.009013886287824329
0.009063818277214952
0.009063262143601508
0.00906270611726521
0.009062150198171486
0.009010994515674673
0.0090102932955362
0.019937808266511214
0.009059028243632358
0.009058472976095576
0.009057917815565013
0.009005367065194636
0.009056818678276207
0.009164468112421704
0.009158034564521397
0.009047365824831288
0.009002634894564166
0.009080340856064694
0.009053473726930874
0.009052919527959821
0.020554434297573643
0.020505144582072365
0.00916655616636485
0.009048677660533862
0.009048124266554863
0.009125848791521327
0.00904700282246229
0.009163457665720607
0.00904587518824656
0.008994186166128383
0.009044780276160173
0.008992944927365106
0.008992248116812806
0.009160213125095188
0.01988088721942221
0.009041104388521555
0.009147904481502616
0.020470972051814394
0.009030044445242613
0.009037892643274866
0.009037341206429284
0.00903678987539158
0.00898361722912325
0.009035698430931237
0.009069757755523378
0.008981917331607508
0.00915179281887643
0.008980749823773861
0.009032940120090574
0.009032389632230683
0.009031839249874905
0.009031288972989472
0.008977889705386627
0.009147893701305282
0.008976723879326739
0.00897603128659067
0.020446048734834278
0.009027005373824759
0.009052078124005025
0.008972635698949195
0.009374006051206927
0.009024753446837003
0.009024204469531224
0.009023655597254014
0.009023106829971811
0.01981320842574761
0.009021104393206426
0.009020556058831803
0.009020007829287816
0.00926389432094846
0.009018867275285903
0.009135998409675583
0.009017750009525278
0.009017202319407041
0.009016654733913011
0.009016107253009829
0.009133046566262194
0.009039873265539696
0.009050050662429962
0.009049400979681318
0.009013336580316401
0.00901278973419937
0.009012242992437114
0.009011696354996341
0.008957580292121094
0.009046096544848331
0.009045447795690614
0.009009512687644437
0.00900896657034127
0.019876757348005033
0.02210513974865217
0.009005183473519914
0.009004638058591339
0.009004092747578398
0.019772582516124813
0.009036489178318204
0.0090804084125175
0.009000993258066983
0.00907909059927166
0.008999889166536445
0.009115850241179387
0.008946970394736792
0.008998245483703126
0.008997701337278351
0.008945213443400572
0.008944528124565991
0.00899609087257619
0.00898714959917861
0.008995008220378945
0.008942158927764943
0.008993931973445562
0.008940939676570444
0.019739579342952573
0.008991416767489047
0.008990873862178884
0.0091076281113838
0.008989767007397063
0.009106380158131689
0.008988660604824892
0.008934665450075223
0.008987586826039888
0.008987044649499041
0.00902161530034536
0.008985956108788216
0.008985414241706922
0.008984872477428964
0.008930860876015665
0.008983800124974604
0.008983258666239278
0.020326677335024326
0.008981196200221527
0.00892706990843301
0.009060445537080276
0.009096524575864474
0.0089790073126758
0.009013525436404888
0.019695002167876282
0.009057566218803915
0.008966495768394398
0.008975399896287095
0.008920537390563065
0.008974331021374836
0.008973791246565678
0.009090627170263354
0.009078113757789559
0.009007444815170025
0.00897158953226749
0.009051609486008678
0.008970496073778826
0.008969957026953926
0.00899423791365674
0.008968875118364101
0.019911070658932183
0.008966893544882521
0.008966355125356193
0.009083266768426768
0.00895554788175015
0.008964724091061986
0.00896418608187305
0.00896364817428882
0.00896311036827724
0.008987806198420243
0.008962030879839508
0.00896149337936138
0.008960955980327435
0.008960418682705687
0.00899457541611857
0.009039555692864795
0.019650000801735134
0.009038552991826015
0.008956813887374234
0.008981083878002246
0.008990800766912223
0.009036149514374436
0.008954644589727931
0.00905866501792889
0.008953561954537479
0.008953026000175123
0.008952490146776567
0.008897759819186876
0.008951429627911645
0.008950894074560758
0.008950358622047605
0.008895506008280011
0.009066840958822719
0.008948742586261759
0.008948207539148424
0.00894767259271351
0.008947137746925364
0.008946603001752351
0.008891741724574293
0.008945544698634744
0.008890544022251447
0.008934219348501249
0.008943957460459975
0.00894342331155879
0.008942889263054206
0.008942355314914682
0.008941821467108702
0.009058744536802136
0.008940732953576072
0.009057517301294164
0.008885200580962899
0.008928908299205101
0.009181609776033765
0.008973019192395895
0.009054567937710402
0.008926909307763973
0.008936398169945644
0.00893586544409931
0.008935332818202342
0.008934800292223407
0.009051243230368692
0.008968604337238239
0.008967972706659562
0.00893264134225129
0.009012420308063115
0.008966170211064954
0.01960276086467871
0.008929614503523794
0.008929082999022061
0.008963618927351437
0.008928015828060045
0.008872846664102103
0.008926964392398732
0.020207718494222877
0.008870170857382325
0.020194799713934144
0.008868020015299924
0.008911758997128658
0.008957059040724592
0.009038778076058088
0.008920793588883784
0.00892026362326514
0.019550356944367703
0.008918330337806637
0.009000261985608783
0.008941055660661461
0.008916722904455276
0.008951820095921003
0.008951191815446862
0.008915126366515605
0.008858930857048622
0.008996354283933942
0.008913535680488659
0.008913007020462022
0.00891247845914155
0.008947362691755808
0.008855893460244305
0.008910899828481143
0.00915452367401481
0.009027164795816795
0.008909251472457318
0.008908723614388958
0.008852923887708293
0.008907679109259025
0.009048020031425059
0.008930627635747887
0.008987739378389184
0.008940700012364963
0.008905000604512001
0.008939544245273537
0.008903942124057493
0.008903415256280708
0.00890288848665098
0.008847441930665485
0.00890184608382771
0.00890131960584792
0.020196969520886007
0.00898004358887839
0.009015718399090444
0.008898223115776718
0.008932050777658436
0.008897167168134814
0.008930898491530498
0.008896111629036526
0.008895586165252347
0.008895060799185516
0.008840535514434117
0.019598530833899667
0.008892622670060387
0.008926320472833376
0.008891568724837238
0.00889104405363094
0.008890519479902737
0.008889995003622342
0.008889470624759501
0.00896966928118798
0.00900554244992426
0.020109802741010464
0.008832146237786019
0.008885873052876836
0.008885349386050448
0.008830458171929545
0.00888431304813739
0.009000877207230862
0.008883245624809442
0.008882722445830594
0.008882199363873744
0.008881676378908788
0.008905904587540378
0.008914866699711307
0.008996972081754043
0.009120744187627376
0.008995507920088023
0.019465862467712775
0.008877062351066842
0.00895764651702979
0.008992843572791924
0.008820797021944108
0.008909550959326915
0.00887442383870251
0.00887390224872867
0.00887338075529037
0.00887285935835772
0.008872338057900884
0.008952622119631331
0.008871281038214522
0.020068722861867602
0.008869291861496098
0.008949348178404657
0.0088682359083545
0.008902021393636756
0.00886719069747938
0.009107219375203722
0.008900231641502353
0.008865583622509466
0.008865063616710345
0.008980652356853833
0.02009689157353553
0.008862540047184841
0.008862020550870915
0.019512405807547102
0.008860118809780106
0.008859599709996332
0.008859080705998744
0.008847474121548668
0.02002335074432017
0.008856587645209113
0.00885606914289144
0.008855550736182908
0.008855032425054038
0.02005170621300618
0.008932061576911069
0.008852525973327913
0.00885200816716991
0.020033172084321732
0.008850037337799722
0.00887598553697284
0.008848998362025644
0.008796050663734041
0.020737022580842243
0.019448139600320952
0.00887669076960497
0.008960635685028437
0.008843986445983106
0.008843470052469
0.008791276646981231
0.00884244771906663
0.008790119464993786
0.008841425777713
0.008867737687802085
0.008872167894608436
0.00895590680263663
0.00883933404863504
0.00883881851054826
0.008838303067186238
0.008837787718519858
0.008837272464520048
0.008836757305157738
0.00883624224040388
0.008862515147751474
0.008866959925336943
0.008834689409064516
0.01994340956209038
0.019931527846670134
0.008831284682576055
0.008819867998003416
0.008907691282473682
0.008861287546280738
0.008829215445832872
0.01931611890393203
0.008905597938201544
0.008826814607049283
0.008826301212880198
0.019296965174155672
0.008824431306334427
0.008823918299712172
0.00882340538706477
0.008822892568363426
0.01992848248414092
0.008937494888151936
0.008820412132030128
0.008819899810189982
0.008918841542163393
0.00881885912940685
0.008818347092392213
0.019907708875615958
0.00876450565208462
0.008815902091860861
0.008815390543216804
0.008814879088114857
0.00876235228164322
0.008813866600755558
0.008891092211035343
0.008812830320109126
0.008928519760111558
0.008811788161613278
0.008842427846110536
0.008926819850562264
0.008810232014247141
0.008809721503822959
0.019853983177514706
0.008884973466449543
0.00880725672583931
0.008806746707421763
0.008794866710438429
0.008805731723507852
0.008805221982886266
0.009040690489778796
0.008835028570785974
0.008803648724629949
0.008803139365790257
0.008833401843648893
0.008802117193889191
0.008832287540472177
0.008801095409267773
0.008800586515886345
0.008800077715242606
0.019858445854398117
0.008747710817293633
0.008827733348509706
0.00879713620748972
0.00879662798338358
0.008796119851818116
0.008745142449540793
0.008871070904159669
0.00890998441957737
0.008824044724747236
0.0087432832691988
0.008793055336424535
0.00879254785559257
0.008792040467075012
0.01981232994175772
0.00879011107457387
0.008789604077849487
0.008789097173298949
0.008818536947253073
0.019798113892168963
0.008786660315192383
0.008816005300461796
0.00878564398150862
0.008734974119544738
0.0088602206459952
0.00878412174298198
0.00877240254617162
0.0087831146182202
0.008782608840987482
0.00881183792027063
0.00878159399760776
0.008781088496358492
0.00889568052955558
0.008780057821751003
0.008779552600150233
0.019776984182893295
0.008777631917147227
0.008806759893252039
0.008726738319654263
0.008776123856408751
0.009008546360760086
0.00888980818554076
0.008849367355574725
0.008774032813953584
0.008773528636474135
0.00877302455032567
0.008772520555480515
0.008772016651911026
0.019174060920887342
0.008770180007840472
0.008769676480315663
0.008769173043931206
0.008844315598002826
0.00888298582192439
0.008842989725800447
0.00879691082811399
0.008766606817188763
0.019154336186086817
0.008879908428226951
0.008764251880551873
0.008763749380954866
0.00876324697219281
0.008762744654238212
0.008750734364844942
0.00876174499180418
0.008749658086854949
0.008875828015266651
0.008760223985170436
0.008855272934468932
0.008759205038416384
0.008758703451166543
0.008873024714300664
0.008757680755603198
0.008757179444442605
0.00875667822375773
0.008756177093521273
0.008831286209369075
0.008785101881705521
0.008754657179663313
0.0087541564146589
0.008753655739965314
0.008702962153566909
0.008752664351250371
0.008752163945060346
0.00875166362907307
0.008751163403261358
0.008750663267598026
0.008750163222055919
0.0086993780901119
0.008749173094022322
0.00925720097609145
0.008748089076629767
0.008775230930723228
0.008747085655279783
0.008746586257234854
0.008860151492541643
0.008745568122101161
0.008745068998109255
0.008744569963933092
0.008744071019545632
0.019704705835382152
0.019693160387258175
0.008768293143111137
0.008815283781218678
0.00873975838590075
0.008739260207763234
0.00872789208152279
0.00885204112483209
0.019677884511888927
0.008686557432391757
0.008735866932024132
0.008685441832228188
0.008848640065569617
0.008764433052609733
0.008733863841975862
0.008733366673270477
0.008732869593812148
0.008732372603574104
0.00876184705306926
0.008844940166885511
0.008844310830227917
0.008730343053058379
0.008729846517935345
0.008803855441207683
0.008718213078426202
0.008728348728023866
0.019655812294972277
0.008800832635501816
0.008725951599232805
0.008725455802696609
0.008724960095001729
0.008798624875651646
0.008723955800699004
0.019665392692358258
0.008711560849160407
0.008721584079023317
0.008721089015704678
0.008720594041014029
0.008720099154924821
0.008793018579870016
0.00879233063786261
0.008791642912242327
0.019049907217645157
0.008945961026110852
0.008745476667462943
0.00871574141013304
0.008715247349424641
0.008714753377049436
0.008714259492980977
0.008826670547167808
0.008713252714347029
0.019608766262839285
0.008740513866065138
0.008710878775896082
0.008661803574512702
0.008709901713593133
0.008709408647672801
0.019594292068413892
0.008707534552421596
0.00865835384291121
0.0086577341990097
0.00865711472499453
0.008705592370948732
0.008656010547371128
0.012410992721442344
0.019602754529898573
0.008702141556521837
0.00870164979380031
0.008701158118741463
0.00870066653131916
0.008700175031507265
0.008727872898475644
0.008699187905747937
0.008698696669594722
0.008688740471215171
0.01906425314286117
0.008696417018945428
0.008695926230010876
0.008695435528454781
0.0088063012683425
0.008694435447439934
0.008693945012104316
0.019547326386719733
0.008692081886524653
0.008691591821453813
0.008643439499797158
0.008690621083186408
0.008801352652386475
0.008718601611241916
0.008689129614584557
0.00871753097066059
0.008688147215864885
0.00868765785073693
0.008687168572569745
0.01952928645083996
0.008685309938609663
0.008774979777298585
0.008684317807644473
0.008683829075018558
0.008683340429171535
0.008754340417260241
0.008682350808953722
0.008672159056467718
0.008681378381038449
0.008633754068426041
0.008680411070615932
0.00863265880134862
0.008679444118371158
0.008750580400197171
0.008678455872833377
0.008749405673750335
0.008900377975165597
0.008676942930571108
0.008676455508353723
0.01952536653475674
0.008744988243480746
0.00867410810125049
0.008894930524155832
0.008627230959731027
0.008672618999135219
0.008699908519984137
0.008671642447839759
0.00867115591851634
0.008699735883710634
0.0086991600317177
0.008669687875797841
0.008669201692837943
0.019502957680346864
0.008667358875932785
0.00862138135931192
0.008666396065407827
0.008665910416679797
0.008619812144467227
0.008734683305734289
0.008664450478872203
0.008663965174226101
0.008883646919187955
0.008662957815422824
0.008662472776190302
0.008661987822653403
0.008661502954786791
0.00877072252995043
0.008660514952901559
0.008687285146619449
0.008614415592182722
0.008686307373511325
0.008658579403148221
0.019465491881166915
0.008766333729488752
0.00876572205597199
0.008655733356786066
0.018903527135372283
0.008653967519686485
0.019456091041947548
0.008681583931256934
0.008651647637844949
0.00876099431339638
0.00865066286201083
0.008719467515302495
0.008649684790897637
0.008649201957709159
0.008867870417181189
0.008603215306843291
0.008647725875483018
0.008638052335143876
0.0086467650899572
0.008755749028712055
0.008645782119130118
0.008863933220238481
0.00871339274041555
0.008712725069362694
0.008643793451371624
0.008643311659676469
0.008642829952735118
0.00864234833052265
0.008641866793014095
0.008668230955399127
0.008709032802467183
0.008640407667943597
0.008748662127306123
0.00863942708566424
0.0085947929877421
0.008638473592697852
0.008637992737208918
0.008664259215273251
0.008628307397771281
0.008592290626284685
0.008636079578153972
0.008703677121288908
0.008743762120954542
0.008727593577175882
0.008634119483858383
0.008742244590763375
0.00863314116240281
0.008632661244299364
0.008632181410398712
0.00874015703028672
0.008631203803327145
0.008630724225902593
0.008656792435770196
0.008585904549988935
0.01885944986097921
0.0086280185787125
0.008627539515193124
0.008627060535631335
0.008626581640002521
0.00862610282828207
0.008625624100445381
0.008625145456467878
0.00869325901286851
0.018838391730515908
0.018821004392279565
0.008574975960318068
0.00862117040480662
0.008730486249647024
0.008610187906395577
0.00861972262507241
0.008689840269871907
0.008618755074254544
0.008688690900975538
0.008617787893860468
0.008687542053418094
0.008616821083639661
0.008616343894707413
0.008615866789194385
0.008615389767076154
0.00861491282832835
0.008568185371840998
0.008613967915294665
0.008722881209129528
0.018794982635385277
0.008611733631539975
0.008682331978194322
0.0193659735888193
0.008609438028376857
0.008608962040414864
0.008608486135532147
0.008608010313704431
0.00860753457490749
0.008677354006205906
0.00860657119251682
0.019328736613050727
0.020012016900606274
0.008603341351961663
0.019305279267321732
0.00863056363046931
0.00870984456211194
0.008600565871708755
0.008600091291096798
0.008626731438694177
0.008667860898961285
0.008598653038784154
0.00858883238693158
0.008597708658711038
0.008624178161065135
0.008596757489108646
0.008596283571887
0.008595809737158075
0.008585926567834547
0.00859486634970355
0.00870297465415639
0.008702376584292357
0.008620260483901104
0.008661205184262383
0.00854784067306098
0.018735541083769118
0.008580942893445338
0.008590262219445354
0.008589789389890282
0.008543581066189647
0.008697791781434028
0.018714617213695613
0.0088069302413468
0.00865671271508574
0.008613779501261472
0.008585644134603842
0.008538925159686118
0.019361012616674254
0.00853797465458419
0.008801025017873323
0.008582418544221105
0.00858194699167192
0.008581475520943453
0.008581004132011974
0.00858053282485372
0.008580061599444974
0.008579590455761983
0.008533863985974515
0.008578656894324757
0.00853280705836081
0.008577723670802144
0.00853175056736789
0.008566577118456592
0.008576324322159625
0.008604847881759766
0.008661319936238272
0.008683817669366996
0.008643299878989399
0.008528631705465204
0.008573463418058598
0.008572993417566017
0.008641364801346075
0.008640714177332224
0.019230846348986017
0.008570245746565399
0.008569776258941118
0.00856930685254434
0.008568837527351538
0.0085683682833392
0.00856789912048384
0.00852237147219027
0.008566969458637951
0.008593094116819263
0.008634510201319289
0.008565548163060993
0.008565079487847915
0.008554713839122829
0.008564146425024568
0.008563677991623228
0.008553244627374869
0.008562745419245208
0.008591499572725491
0.008561804710025643
0.008561336680861053
0.008560868732502273
0.008586880097773223
0.008514915425878695
0.008559470760010027
0.00855900313326669
0.008558535587213048
0.008558068121825779
0.00855760073708161
0.008547066087804825
0.008556670263225003
0.008556203119176774
0.008555736055678997
0.008555269072708413
0.0086395903365778
0.00855432218601545
0.008553855447229081
0.00857966575418192
0.008552919237092916
0.008507624179909424
0.00850703727458303
0.008506450524871829
0.008505863930703225
0.008550621030957835
0.008550154927993986
0.00854968890528067
0.008617851717037365
0.008575126261367463
0.008503179050701026
0.008547819293707078
0.008502134269660896
0.008546896520100142
0.008546431057798775
0.00854596567556352
0.008545500373371321
0.008545035151199141
0.008544570009023943
0.008498797233587927
0.008612366403275342
0.00854317174345355
0.008542706921708191
0.00853193225748639
0.00854178157568988
0.008541316992433113
0.00875728358877352
0.008608660919859887
0.008539876778301345
0.008539412524256277
0.008538948349929437
0.008538484255297905
0.008493111555701663
0.008537564621369557
0.008492070771762396
0.00853664531696409
0.008536181616751744
0.008535717996098709
0.008561618345370213
0.018624998156794508
0.019263165699404686
0.008532257412301186
0.008531794378880153
0.008520624850689648
0.008599145720871981
0.008598505432127366
0.008485128399450106
0.019151750148814452
0.00852817122039282
0.018592212283777262
0.008526482705029488
0.008595074778173516
0.00855469307392665
0.008514012691149918
0.00852462274010403
0.008524160929563611
0.00847790992185935
0.008523245955916687
0.019217062882031226
0.008521491907560361
0.01862091523173594
0.008519807863973845
0.008519346791624798
0.018553057341384318
0.008471348697345503
0.008470769739914915
0.008516761035578352
0.008516300442016265
0.008503600723233617
0.00851538378056476
0.0085149234219287
0.008514463141931506
0.00851400294055067
0.008539346924324832
0.008513079883609958
0.00853834258547336
0.008512157153943203
0.008511697346273652
0.008511237617085506
0.008498494082086187
0.008510322679850524
0.008463392063184484
0.008462814942317277
0.008496477864897217
0.008461720857169114
0.00850805576978419
0.00853341474169269
0.008532873494618742
0.008506672908485328
0.008506214034213132
0.008505755238156358
0.008505296520292674
0.008504837880599796
0.008574301129968048
0.008503909072285957
0.008503450669503648
0.008502992344802146
0.008612441290782662
0.008611862147165805
0.008501582218672999
0.008526697000739365
0.008500663434390321
0.008500205585792819
0.008499747815117871
0.019762177097856878
0.00858403545914974
0.008606534560125502
0.008451830012126522
0.008605567283982936
0.008450859976115846
0.008450285393555601
0.008495154796047111
0.00856313829382553
0.008494229444888885
0.008448488901158395
0.00849332418152377
0.008492867534782839
0.00860137792390821
0.008491936839751751
0.00849148042946535
0.0084910240966977
0.008599391850670558
0.00851990445145075
0.01736844316625336
0.0084885695200462
0.008566689931878086
0.008487645815094319
0.008487190098699556
0.01851068895136501
0.008517399582169388
0.019030684002083003
0.008515579141997505
0.008483326875820615
0.008482871808973707
0.0190183475764091
0.008437340217124605
0.008480694938840938
0.008589261524057812
0.019059153063340106
0.019142186752886182
0.0084772063781556
0.00849966653127967
0.008476295678458584
0.008432521422983593
0.008431950178842218
0.008474949791110027
0.008474496014111153
0.008582987828746768
0.00847357113523575
0.008473117592306336
0.008472664126111954
0.008472210736630851
0.01897836221748531
0.008470488633757217
0.008578797410458357
0.008469565071206494
0.008535145736878682
0.008468648246687305
0.008468195494977744
0.008455851674465803
0.008467294368574326
0.008532751102054474
0.008466378337273872
0.008465925969220182
0.008465473677573911
0.008465021462313467
0.008464569323417248
0.018429152727212728
0.01894322237596991
0.008461661995457856
0.008461210341663831
0.00846075876408535
0.00848306588745607
0.01892653231312695
0.00845859845569053
0.008445840260499564
0.008457700365016597
0.008522823217464804
0.00845678739923007
0.008456336525747302
0.008455885728264856
0.00852082275109227
0.008454973408157746
0.008454522840887142
0.008411413774975033
0.008453629727980451
0.008453179386675745
0.0084527291212212
0.008452278931595452
0.0084518288177771
0.008516676399307912
0.018917618749268592
0.008514787462830445
0.008449198845698098
0.008436653635469516
0.018905459379412164
0.008468965202122447
0.00844659555728297
0.008478957722906539
0.008445692337888009
0.019544300667880585
0.008432279212939518
0.008401958032570498
0.008401392767203504
0.008442577980486417
0.008442129369388858
0.00844168083366988
0.00846271482617272
0.008548690232677023
0.008440316172694622
0.008439867942272564
0.018875954906896274
0.008545935160136488
0.018846093560485624
0.018854821908432802
0.008435211757120054
0.008434764259639597
0.008434316837239511
0.008433869489898693
0.008433422217596067
0.01884165365401419
0.008431728217909162
0.008452177593207785
0.008430832222599395
0.00843038541806546
0.008429938688422362
0.008429492033649065
0.00842904545372457
0.008536069867009775
0.008428135371256161
0.008427689019359938
0.018316383032764567
0.008426063102571482
0.008489605194578483
0.008425160423443014
0.008445922487180778
0.008412377835694578
0.008423824838360818
0.008531131309080503
0.008632403773659028
0.00848588957514882
0.008421981581932005
0.01881038198939093
0.00842029481100746
0.008419849693758839
0.008440383293034148
0.008418957511190399
0.008418512617498824
0.008438967769411873
0.018314274360515026
0.018302082295337932
0.008415277203917155
0.008495143850500193
0.008414381646588543
0.00841393743981732
0.008413493307227652
0.008413049248798814
0.008520811250932441
0.008412144167318916
0.008370087112036434
0.008411264128273074
0.008410820442292176
0.008410376830347179
0.008397377588095115
0.008409493968506604
0.00840905057749239
0.008408607260431767
0.008366404004396099
0.018768381310355874
0.008406493974606284
0.008406051042587242
0.008426444669005544
0.018756461448222614
0.00840393058467311
0.008403488039036965
0.008403045567128347
0.018228724034561102
0.008401436960152038
0.00835834964588894
0.008400560370366942
0.00840011834722989
0.008399676397679393
0.008399234521694882
0.008398792719255876
0.00839835099034187
0.008504160031440595
0.008397455621375121
0.008397014115045941
0.008353996029759494
0.008396138975889013
0.008460682635665663
0.008460073874960514
0.008352384193596796
0.018204282162898516
0.008502101341893768
0.008392740135214544
0.00839229937559218
0.008391858689208803
0.008391418076044056
0.00839097753607756
0.008390537069288936
0.008390096675657835
0.008389656355163895
0.008389216107786791
0.008410322346128587
0.008453848770377187
0.018695652032079124
0.008386665437996448
0.008386225647427123
0.008385785929832043
0.008385346285190916
0.00844972020460649
0.008371170939693126
0.008384021319100834
0.01869616614000435
0.00838235953261166
0.00848705577982619
0.008368118972600645
0.00833863759801815
0.00838060335052693
0.008488712138780549
0.008337272884259016
0.008379277591652945
0.008378838985536494
0.008486880328458762
0.008442603616186704
0.008398215705378296
0.008397700651655732
0.018659246747384582
0.008375403606933944
0.00837496560357435
0.008374527672702445
0.008332383990805301
0.008373659507617835
0.008373221792475443
0.008372784149740938
0.008372346579394264
0.00837190908141537
0.00839160983330489
0.008329305839000711
0.018640277014479817
0.008369394003741074
0.008368956953833264
0.008368519976153972
0.008476290639792881
0.008387271435629099
0.018161854595741177
0.008324397815039157
0.008323848465849782
0.008384874964715822
0.008322930906451052
0.008364316851353628
0.00832195162383837
0.008363451911192187
0.008320972726985718
0.008362587269242397
0.008362151304695392
0.00836171541208146
0.008361279591380699
0.008360843842573238
0.008360408165639231
0.00837976749654826
0.008359535035029843
0.008569756009792122
0.008358631242703328
0.008316372096077764
0.008466328993163989
0.008357315981935612
0.008356880888258604
0.008356445866273801
0.008390007895531742
0.008355571149187769
0.008355136343159347
0.008354701608743714
0.018110113814403056
0.008353120930369726
0.008352686490509466
0.008309505648905315
0.008351825396921524
0.008371680529778078
0.018614190501567485
0.008349746841285552
0.008369525060827526
0.008369015466598967
0.008334131071563833
0.008305314966319215
0.008347585672783155
0.008412029796979725
0.008346708038109085
0.008346274613040978
0.008345841259214382
0.008345407976609702
0.008302327393777094
0.008344549165760462
0.008344116095092674
0.00834368309556892
0.008343250167169632
0.008342817309875227
0.008299648301003945
0.008299104416122196
0.018593866398565924
0.008405343101244384
0.008339886911483933
0.008339454566824377
0.01856168510207463
0.008337827500834435
0.00844610852712183
0.008336946547078195
0.008445117822515629
0.00844457216761366
0.008399688613676435
0.008335175152932174
0.0083347435448035
0.008398214414748636
0.008435758859256268
0.00833342733553694
0.00833299601442664
0.00833256476398829
0.008332133584202471
0.008331702475049794
0.008331271436510882
0.008438964165342205
0.008393863530688984
0.008329951613607995
0.008288074516179644
0.008287532800845801
0.008401883275654958
0.008286752559691682
0.008327809760520917
0.008327379359673457
0.008326949029245434
0.008434490084133588
0.00832607180397154
0.00828414074578847
0.008433136710707858
0.008400953303081727
0.008282794837338207
0.008323913473051133
0.008323483709895245
0.008281406539431446
0.00830855387977746
0.008322206376973857
0.008321776892090321
0.00832134747737543
0.008320918132809984
0.008384122963094511
0.008320049346055534
0.008319620213955771
0.00830513862034155
0.008277056517205846
0.008276517248743322
0.008275978116033764
0.008317501856860119
0.018546527041344067
0.008315877814127867
0.008315449322786102
0.01853547979299277
0.01852551990822941
0.008270609061159473
0.00834583999229655
0.008311781250460754
0.008297025257045244
0.008419020369685363
0.018490279706399014
0.008267577272861183
0.008416919381951818
0.00834237416997588
0.00832732879298907
0.008265819411301332
0.008307156958202645
0.008306729773276372
0.008306302657908712
0.008305875612080675
0.008263597311418834
0.008305029064335423
0.008304602225459364
0.008367892406462185
0.008303738482456392
0.0083033118540333
0.008302885295017035
0.008260655425595188
0.008287666326512347
0.008301617545099811
0.008409114729575388
0.008300748387537854
0.008258429543048664
0.008319314482171276
0.008363147108814131
0.008318310764258038
0.00829861160457165
0.008298185809747512
0.008361191137164279
0.00829732421414619
0.008360171549978607
0.018487167174581532
0.008295277387306978
0.008294852096729652
0.018476206220717595
0.00829324287657737
0.008292817878145505
0.008250979167576476
0.008291975333510759
0.00829155054040846
0.008363712782647631
0.00829069052412631
0.018435947093814457
0.008289092502588533
0.008288668139680698
0.008600435101484493
0.008287772955355167
0.008349608820021859
0.008286914708709712
0.01796432381324764
0.008271034530714292
0.008303380917828859
0.008243576823336903
0.00826964615395478
0.008302103280180126
0.008283269095904005
0.008282845641980405
0.00828242225661774
0.008281998939797414
0.008281575691500847
0.008281152511709421
0.008266216415724363
0.00848767256394658
0.00826542185932111
0.008279437003912858
0.008279014170770305
0.008237677374355476
0.008278175854455581
0.008263204669609092
0.008236253447097058
0.008276919504759117
0.00826182670972922
0.008276078903554382
0.008234413772161655
0.008293659891688548
0.008508066900920102
0.008274371666732385
0.008273949650755534
0.00827352770295028
0.008231903070522694
0.008272691182449872
0.017914594238141117
0.008271156564299482
0.008228585665590961
Finished: e=0.008228585665590961 n=9063
